Archive member included because of file (symbol)

C:\Program Files (x86)\VEX Robotics\VEXcode Pro V5\sdk/vexv5\libv5rt.a(v5_startup.c.obj)
                              (vexStartup)
C:\Program Files (x86)\VEX Robotics\VEXcode Pro V5\sdk/vexv5\libv5rt.a(v5_util.c.obj)
                              C:\Program Files (x86)\VEX Robotics\VEXcode Pro V5\sdk/vexv5\libv5rt.a(v5_startup.c.obj) (vexStdlibVersionLinked)
C:\Program Files (x86)\VEX Robotics\VEXcode Pro V5\sdk/vexv5\libv5rt.a(v5_apijump.c.obj)
                              C:\Program Files (x86)\VEX Robotics\VEXcode Pro V5\sdk/vexv5\libv5rt.a(v5_startup.c.obj) (vexPrivateApiEnable)
C:\Program Files (x86)\VEX Robotics\VEXcode Pro V5\sdk/vexv5\libv5rt.a(v5_apiversions.c.obj)
                              C:\Program Files (x86)\VEX Robotics\VEXcode Pro V5\sdk/vexv5\libv5rt.a(v5_apijump.c.obj) (vexSystemVersion)
C:\Program Files (x86)\VEX Robotics\VEXcode Pro V5\sdk/vexv5\libv5rt.a(vex_global.cpp.obj)
                              build/src/main.o (vex::wait(double, vex::timeUnits))
C:\Program Files (x86)\VEX Robotics\VEXcode Pro V5\sdk/vexv5\libv5rt.a(vex_motor.cpp.obj)
                              build/src/robot-config.o (vex::motor::~motor())
C:\Program Files (x86)\VEX Robotics\VEXcode Pro V5\sdk/vexv5\libv5rt.a(vex_vision.cpp.obj)
                              build/src/robot-config.o (vex::vision::~vision())
C:\Program Files (x86)\VEX Robotics\VEXcode Pro V5\sdk/vexv5\libv5rt.a(vex_imu.cpp.obj)
                              build/src/main.o (vex::inertial::setHeading(double, vex::rotationUnits))
C:\Program Files (x86)\VEX Robotics\VEXcode Pro V5\sdk/vexv5\libv5rt.a(vex_rotation.cpp.obj)
                              build/src/robot-config.o (vex::rotation::~rotation())
C:\Program Files (x86)\VEX Robotics\VEXcode Pro V5\sdk/vexv5\libv5rt.a(vex_distance.cpp.obj)
                              build/src/robot-config.o (vex::distance::~distance())
C:\Program Files (x86)\VEX Robotics\VEXcode Pro V5\sdk/vexv5\libv5rt.a(vex_controller.cpp.obj)
                              build/src/robot-config.o (vex::controller::~controller())
C:\Program Files (x86)\VEX Robotics\VEXcode Pro V5\sdk/vexv5\libv5rt.a(vex_task.cpp.obj)
                              build/src/main.o (vex::task::task(int (*)()))
C:\Program Files (x86)\VEX Robotics\VEXcode Pro V5\sdk/vexv5\libv5rt.a(vex_thread.cpp.obj)
                              C:\Program Files (x86)\VEX Robotics\VEXcode Pro V5\sdk/vexv5\libv5rt.a(vex_global.cpp.obj) (vex::this_thread::sleep_for(unsigned long))
C:\Program Files (x86)\VEX Robotics\VEXcode Pro V5\sdk/vexv5\libv5rt.a(vex_event.cpp.obj)
                              C:\Program Files (x86)\VEX Robotics\VEXcode Pro V5\sdk/vexv5\libv5rt.a(vex_imu.cpp.obj) (vex::event::init(unsigned long, unsigned long, void (*)()))
C:\Program Files (x86)\VEX Robotics\VEXcode Pro V5\sdk/vexv5\libv5rt.a(vex_mevent.cpp.obj)
                              C:\Program Files (x86)\VEX Robotics\VEXcode Pro V5\sdk/vexv5\libv5rt.a(vex_controller.cpp.obj) (vex::mevent::mevent(unsigned long, unsigned long))
C:\Program Files (x86)\VEX Robotics\VEXcode Pro V5\sdk/vexv5\libv5rt.a(vex_brain.cpp.obj)
                              build/src/robot-config.o (vex::brain::brain())
C:\Program Files (x86)\VEX Robotics\VEXcode Pro V5\sdk/vexv5\libv5rt.a(vex_competition.cpp.obj)
                              build/src/main.o (vex::competition::competition())
C:\Program Files (x86)\VEX Robotics\VEXcode Pro V5\sdk/vexv5\libv5rt.a(vex_triport.cpp.obj)
                              build/src/robot-config.o (vex::triport::~triport())
C:\Program Files (x86)\VEX Robotics\VEXcode Pro V5\sdk/vexv5\libv5rt.a(vex_color.cpp.obj)
                              C:\Program Files (x86)\VEX Robotics\VEXcode Pro V5\sdk/vexv5\libv5rt.a(vex_brain.cpp.obj) (vex::color::operator unsigned long() const)
C:\Program Files (x86)\VEX Robotics\VEXcode Pro V5\sdk/vexv5\libv5rt.a(vex_timer.cpp.obj)
                              C:\Program Files (x86)\VEX Robotics\VEXcode Pro V5\sdk/vexv5\libv5rt.a(vex_brain.cpp.obj) (vex::timer::~timer())
C:\Program Files (x86)\VEX Robotics\VEXcode Pro V5\sdk/vexv5\libv5rt.a(v5_apiuser.c.obj)
                              C:\Program Files (x86)\VEX Robotics\VEXcode Pro V5\sdk/vexv5\libv5rt.a(vex_triport.cpp.obj) (vexAdiPortConfigSet)
C:\Program Files (x86)\VEX Robotics\VEXcode Pro V5\sdk/vexv5\libv5rt.a(vex_device.cpp.obj)
                              C:\Program Files (x86)\VEX Robotics\VEXcode Pro V5\sdk/vexv5\libv5rt.a(vex_motor.cpp.obj) (vex::device::~device())
C:\Program Files (x86)\VEX Robotics\VEXcode Pro V5\sdk/vexv5/gcc/libs\libc.a(lib_a-fini.o)
                              C:\Program Files (x86)\VEX Robotics\VEXcode Pro V5\sdk/vexv5\libv5rt.a(v5_startup.c.obj) (__libc_fini_array)
C:\Program Files (x86)\VEX Robotics\VEXcode Pro V5\sdk/vexv5/gcc/libs\libc.a(lib_a-impure.o)
[...]
Memory Configuration

Name             Origin             Length             Attributes
ps7_ddr_0_S_AXI_BASEADDR 0x03800000         0x04800000
*default*        0x00000000         0xffffffff

Linker script and memory map

                0x00002000                _STACK_SIZE = DEFINED (_STACK_SIZE)?_STACK_SIZE:0x2000
                0x00100000                _HEAP_SIZE = DEFINED (_HEAP_SIZE)?_HEAP_SIZE:0x100000
                0x00000400                _ABORT_STACK_SIZE = DEFINED (_ABORT_STACK_SIZE)?_ABORT_STACK_SIZE:0x400
                0x00000800                _SUPERVISOR_STACK_SIZE = DEFINED (_SUPERVISOR_STACK_SIZE)?_SUPERVISOR_STACK_SIZE:0x800
                0x00000400                _IRQ_STACK_SIZE = DEFINED (_IRQ_STACK_SIZE)?_IRQ_STACK_SIZE:0x400
                0x00000400                _FIQ_STACK_SIZE = DEFINED (_FIQ_STACK_SIZE)?_FIQ_STACK_SIZE:0x400
                0x00000400                _UNDEF_STACK_SIZE = DEFINED (_UNDEF_STACK_SIZE)?_UNDEF_STACK_SIZE:0x400

.text           0x03800000     0xc8f0
 *(.vectors)
 *(.boot_data)
 .boot_data     0x03800000       0x20 C:\Program Files (x86)\VEX Robotics\VEXcode Pro V5\sdk/vexv5\libv5rt.a(v5_startup.c.obj)
                0x03800000                vexCodeSig
                0x00000020                . = 0x20
 *(.boot)
 .boot          0x03800020       0xbc C:\Program Files (x86)\VEX Robotics\VEXcode Pro V5\sdk/vexv5\libv5rt.a(v5_startup.c.obj)
                0x03800020                vexStartup
                0x03800100                . = ALIGN (0x40)
 *fill*         0x038000dc       0x24 
 *(.freertos_vectors)
 *(.text)
 *(.text.*)
 .text._Z14calibrateInertv
                0x03800100       0xe0 build/src/main.o
                0x03800100                calibrateInert()
 .text._Z11lastButtonsv
                0x038001e0      0x104 build/src/main.o
                0x038001e0                lastButtons()
 .text._Z10backgroundv
                0x038002e4       0xa4 build/src/main.o
                0x038002e4                background()
 .text._Z12flippyRunnerv
                0x03800388       0x14 build/src/main.o
                0x03800388                flippyRunner()
 .text._Z9armRunnerv
                0x0380039c       0x14 build/src/main.o
                0x0380039c                armRunner()
 .text._Z10mechRunnerv
                0x038003b0       0x14 build/src/main.o
                0x038003b0                mechRunner()
 .text._Z10odomRunnerv
                0x038003c4       0x34 build/src/main.o
                0x038003c4                odomRunner()
 .text._Z14conveyorRunnerv
                0x038003f8      0x120 build/src/main.o
                0x038003f8                conveyorRunner()
 .text._Z12rightTriggerv
                0x03800518      0x210 build/src/main.o
                0x03800518                rightTrigger()
 .text._Z12visionRunnerv
                0x03800728      0x448 build/src/main.o
                0x03800728                visionRunner()
 .text._Z10diagnosticv
                0x03800b70      0x138 build/src/main.o
                0x03800b70                diagnostic()
 .text._Z7motion1v
                0x03800ca8      0x620 build/src/main.o
                0x03800ca8                motion1()
 .text._Z7motion2v
                0x038012c8      0x420 build/src/main.o
                0x038012c8                motion2()
 .text._Z7motion3v
                0x038016e8      0x530 build/src/main.o
                0x038016e8                motion3()
 .text._Z7motion4v
                0x03801c18      0x6d8 build/src/main.o
                0x03801c18                motion4()
 .text._Z7motion5v
                0x038022f0      0x230 build/src/main.o
                0x038022f0                motion5()
 .text._Z7motion6v
                0x03802520      0x4c8 build/src/main.o
                0x03802520                motion6()
 .text._Z7motion7v
                0x038029e8      0x2c8 build/src/main.o
                0x038029e8                motion7()
 .text._Z7motion8v
                0x03802cb0      0x2c0 build/src/main.o
                0x03802cb0                motion8()
 .text._Z7motion9v
                0x03802f70      0x3f8 build/src/main.o
                0x03802f70                motion9()
 .text._Z8motion10v
                0x03803368      0x1e8 build/src/main.o
                0x03803368                motion10()
 .text._Z8motion11v
                0x03803550      0x430 build/src/main.o
                0x03803550                motion11()
 .text._Z8motion12v
                0x03803980      0x3d0 build/src/main.o
                0x03803980                motion12()
 .text._Z4parkv
                0x03803d50      0x938 build/src/main.o
                0x03803d50                park()
 .text._Z10autonomousv
                0x03804688      0x638 build/src/main.o
                0x03804688                autonomous()
 .text._Z15stupidDriveHelpv
                0x03804cc0       0x68 build/src/main.o
                0x03804cc0                stupidDriveHelp()
 .text._Z11usercontrolv
                0x03804d28      0x650 build/src/main.o
                0x03804d28                usercontrol()
 .text.main     0x03805378       0x78 build/src/main.o
                0x03805378                main
 .text._GLOBAL__sub_I_main.cpp
                0x038053f0       0x34 build/src/main.o
 .text._ZN4odom9resetOdomEv
                0x03805424      0x17c build/src/odom.o
                0x03805424                odom::resetOdom()
 .text._ZN4odom11trueHeadingEv
                0x038055a0      0x100 build/src/odom.o
                0x038055a0                odom::trueHeading()
 .text._ZN4odom10updateOdomEv
                0x038056a0      0x2d0 build/src/odom.o
                0x038056a0                odom::updateOdom()
 .text._ZN12robotControl11controlPnemEv
                0x03805970       0x8c build/src/robotControl.o
                0x03805970                robotControl::controlPnem()
 *fill*         0x038059fc        0x4 
 .text._ZN12robotControl12controlShiftEv
                0x03805a00      0xd68 build/src/robotControl.o
                0x03805a00                robotControl::controlShift()
 .text._ZN12robotControl12getFlippyPosEv
                0x03806768       0x50 build/src/robotControl.o
                0x03806768                robotControl::getFlippyPos()
 .text._ZN12robotControl9flippyPIDEv
                0x038067b8      0x260 build/src/robotControl.o
                0x038067b8                robotControl::flippyPID()
 .text._ZN12robotControl6armPIDEv
                0x03806a18      0x220 build/src/robotControl.o
                0x03806a18                robotControl::armPID()
 .text._ZN12robotControl9getArmPosEv
                0x03806c38       0x50 build/src/robotControl.o
                0x03806c38                robotControl::getArmPos()
 .text._ZN12robotControl11mechControlEv
                0x03806c88      0xd98 build/src/robotControl.o
                0x03806c88                robotControl::mechControl()
 .text._ZN3vex6visionC2IJNS0_9signatureES2_S2_S2_S2_S2_S2_EEElhDpRT_
                0x03807a20       0x6c build/src/robot-config.o
                0x03807a20                vex::vision::vision<vex::vision::signature, vex::vision::signature, vex::vision::signature, vex::vision::signature, vex::vision::signature, vex::vision::signature, vex::vision::signature>(long, unsigned char, vex::vision::signature&, vex::vision::signature&, vex::vision::signature&, vex::vision::signature&, vex::vision::signature&, vex::vision::signature&, vex::vision::signature&)
 .text._Z11vexcodeInitv
                0x03807a8c        0x4 build/src/robot-config.o
                0x03807a8c                vexcodeInit()
 .text._ZN3vex6vision7_setsigINS0_9signatureEJS2_S2_S2_EEEvRT_DpRT0_
                0x03807a90       0x40 build/src/robot-config.o
                0x03807a90                void vex::vision::_setsig<vex::vision::signature, vex::vision::signature, vex::vision::signature, vex::vision::signature>(vex::vision::signature&, vex::vision::signature&, vex::vision::signature&, vex::vision::signature&)
 .text._GLOBAL__sub_I_robot_config.cpp
                0x03807ad0      0x980 build/src/robot-config.o
 .text._ZN3bez7goalAdjEPdd
                0x03808450       0x9c build/src/bez.o
                0x03808450                bez::goalAdj(double*, double)
 .text._ZN3bez10distanceToEdd
                0x038084ec       0x4c build/src/bez.o
                0x038084ec                bez::distanceTo(double, double)
 .text._ZN3bez14quadBezierCalcEPdS0_S0_d
                0x03808538       0x68 build/src/bez.o
                0x03808538                bez::quadBezierCalc(double*, double*, double*, double)
 .text._ZN3bez11BezierArrayEPdS0_S0_i
                0x038085a0       0xb4 build/src/bez.o
                0x038085a0                bez::BezierArray(double*, double*, double*, int)
 .text._ZN3bez20generateStraightPathEPdi
                0x03808654       0xd0 build/src/bez.o
                0x03808654                bez::generateStraightPath(double*, int)
 .text._ZN3bez9addArraysEPPdS1_
                0x03808724      0x12c build/src/bez.o
                0x03808724                bez::addArrays(double**, double**)
 .text._ZN3bez13setDrive_tankEdd
                0x03808850       0x78 build/src/bez.o
                0x03808850                bez::setDrive_tank(double, double)
 .text._ZN3bez17setDrive_tank_absEdd
                0x038088c8      0x178 build/src/bez.o
                0x038088c8                bez::setDrive_tank_abs(double, double)
 .text._ZN3bez17setDrive_Tank_rawEdd
                0x03808a40       0x28 build/src/bez.o
                0x03808a40                bez::setDrive_Tank_raw(double, double)
 .text._ZN3bez16resetPurePursuitEv
                0x03808a68       0x30 build/src/bez.o
                0x03808a68                bez::resetPurePursuit()
 .text._ZN3bez11purePursuitEPPddddbb
                0x03808a98      0x550 build/src/bez.o
                0x03808a98                bez::purePursuit(double**, double, double, double, bool, bool)
 .text._ZN3bez10scuffedPIDEiiddddd
                0x03808fe8      0x240 build/src/bez.o
                0x03808fe8                bez::scuffedPID(int, int, double, double, double, double, double)
 .text._ZN3bez10scuffedPIDEPdidddddb
                0x03809228      0x298 build/src/bez.o
                0x03809228                bez::scuffedPID(double*, int, double, double, double, double, double, bool)
 .text.vexMain  0x038094c0       0xb0 C:\Program Files (x86)\VEX Robotics\VEXcode Pro V5\sdk/vexv5\libv5rt.a(v5_startup.c.obj)
                0x038094c0                vexMain
 .text.__vex_function_prolog
                0x03809570       0x18 C:\Program Files (x86)\VEX Robotics\VEXcode Pro V5\sdk/vexv5\libv5rt.a(v5_startup.c.obj)
                0x03809570                __vex_function_prolog
 .text._init    0x03809588        0x4 C:\Program Files (x86)\VEX Robotics\VEXcode Pro V5\sdk/vexv5\libv5rt.a(v5_startup.c.obj)
                0x03809588                _init
 .text._fini    0x0380958c        0x4 C:\Program Files (x86)\VEX Robotics\VEXcode Pro V5\sdk/vexv5\libv5rt.a(v5_startup.c.obj)
                0x0380958c                _fini
 .text.vexStdlibVersionLinked
                0x03809590        0xc C:\Program Files (x86)\VEX Robotics\VEXcode Pro V5\sdk/vexv5\libv5rt.a(v5_util.c.obj)
                0x03809590                vexStdlibVersionLinked
 .text.vexStdlibVersionVerify
                0x0380959c       0x30 C:\Program Files (x86)\VEX Robotics\VEXcode Pro V5\sdk/vexv5\libv5rt.a(v5_util.c.obj)
                0x0380959c                vexStdlibVersionVerify
 .text.vexPrivateApiEnable
                0x038095cc       0x10 C:\Program Files (x86)\VEX Robotics\VEXcode Pro V5\sdk/vexv5\libv5rt.a(v5_apijump.c.obj)
                0x038095cc                vexPrivateApiEnable
 .text.vexStdlibMismatchError
                0x038095dc       0x3c C:\Program Files (x86)\VEX Robotics\VEXcode Pro V5\sdk/vexv5\libv5rt.a(v5_apijump.c.obj)
                0x038095dc                vexStdlibMismatchError
 .text.vexTaskAdd
                0x03809618       0x10 C:\Program Files (x86)\VEX Robotics\VEXcode Pro V5\sdk/vexv5\libv5rt.a(v5_apijump.c.obj)
                0x03809618                vexTaskAdd
 .text.vexTasksRun
                0x03809628       0x10 C:\Program Files (x86)\VEX Robotics\VEXcode Pro V5\sdk/vexv5\libv5rt.a(v5_apijump.c.obj)
                0x03809628                vexTasksRun
 .text.vexTaskYield
                0x03809638       0x10 C:\Program Files (x86)\VEX Robotics\VEXcode Pro V5\sdk/vexv5\libv5rt.a(v5_apijump.c.obj)
                0x03809638                vexTaskYield
 .text.vexTaskCheckTimeslice
                0x03809648       0x10 C:\Program Files (x86)\VEX Robotics\VEXcode Pro V5\sdk/vexv5\libv5rt.a(v5_apijump.c.obj)
                0x03809648                vexTaskCheckTimeslice
 .text.vexTaskSleep
                0x03809658       0x10 C:\Program Files (x86)\VEX Robotics\VEXcode Pro V5\sdk/vexv5\libv5rt.a(v5_apijump.c.obj)
                0x03809658                vexTaskSleep
 .text.vexTasksDump
                0x03809668       0x1c C:\Program Files (x86)\VEX Robotics\VEXcode Pro V5\sdk/vexv5\libv5rt.a(v5_apijump.c.obj)
                0x03809668                vexTasksDump
 .text.vexTaskGetTaskIndex
                0x03809684       0x10 C:\Program Files (x86)\VEX Robotics\VEXcode Pro V5\sdk/vexv5\libv5rt.a(v5_apijump.c.obj)
                0x03809684                vexTaskGetTaskIndex
 .text.vexTaskStopAll
                0x03809694       0x10 C:\Program Files (x86)\VEX Robotics\VEXcode Pro V5\sdk/vexv5\libv5rt.a(v5_apijump.c.obj)
                0x03809694                vexTaskStopAll
 .text.vexTaskRemoveAllUser
                0x038096a4       0x34 C:\Program Files (x86)\VEX Robotics\VEXcode Pro V5\sdk/vexv5\libv5rt.a(v5_apijump.c.obj)
                0x038096a4                vexTaskRemoveAllUser
 .text.vexTaskCompletionIdSet
                0x038096d8       0x10 C:\Program Files (x86)\VEX Robotics\VEXcode Pro V5\sdk/vexv5\libv5rt.a(v5_apijump.c.obj)
                0x038096d8                vexTaskCompletionIdSet
 .text.vexTaskStopWithId
                0x038096e8       0x10 C:\Program Files (x86)\VEX Robotics\VEXcode Pro V5\sdk/vexv5\libv5rt.a(v5_apijump.c.obj)
                0x038096e8                vexTaskStopWithId
 .text.vexCriticalSection
                0x038096f8       0x2c C:\Program Files (x86)\VEX Robotics\VEXcode Pro V5\sdk/vexv5\libv5rt.a(v5_apijump.c.obj)
                0x038096f8                vexCriticalSection
 .text.vexEventAdd
                0x03809724       0x34 C:\Program Files (x86)\VEX Robotics\VEXcode Pro V5\sdk/vexv5\libv5rt.a(v5_apijump.c.obj)
                0x03809724                vexEventAdd
 .text.vexEventUserIndexGet
                0x03809758       0x1c C:\Program Files (x86)\VEX Robotics\VEXcode Pro V5\sdk/vexv5\libv5rt.a(v5_apijump.c.obj)
                0x03809758                vexEventUserIndexGet
 .text.vexEventAddWithArg
                0x03809774       0x3c C:\Program Files (x86)\VEX Robotics\VEXcode Pro V5\sdk/vexv5\libv5rt.a(v5_apijump.c.obj)
                0x03809774                vexEventAddWithArg
 .text.vexEventsCleanup
                0x038097b0       0x2c C:\Program Files (x86)\VEX Robotics\VEXcode Pro V5\sdk/vexv5\libv5rt.a(v5_apijump.c.obj)
                0x038097b0                vexEventsCleanup
 .text.vexDebug
                0x038097dc       0x38 C:\Program Files (x86)\VEX Robotics\VEXcode Pro V5\sdk/vexv5\libv5rt.a(v5_apijump.c.obj)
                0x038097dc                vexDebug
 .text.vex_sprintf
                0x03809814       0x40 C:\Program Files (x86)\VEX Robotics\VEXcode Pro V5\sdk/vexv5\libv5rt.a(v5_apijump.c.obj)
                0x03809814                vex_sprintf
 .text.vexSystemTimeGet
                0x03809854       0x1c C:\Program Files (x86)\VEX Robotics\VEXcode Pro V5\sdk/vexv5\libv5rt.a(v5_apijump.c.obj)
                0x03809854                vexSystemTimeGet
 .text.vexSystemExitRequest
                0x03809870       0x1c C:\Program Files (x86)\VEX Robotics\VEXcode Pro V5\sdk/vexv5\libv5rt.a(v5_apijump.c.obj)
                0x03809870                vexSystemExitRequest
 .text.vexDeviceGetByIndex
                0x0380988c       0x24 C:\Program Files (x86)\VEX Robotics\VEXcode Pro V5\sdk/vexv5\libv5rt.a(v5_apijump.c.obj)
                0x0380988c                vexDeviceGetByIndex
 .text.vexControllerGet
                0x038098b0       0x2c C:\Program Files (x86)\VEX Robotics\VEXcode Pro V5\sdk/vexv5\libv5rt.a(v5_apijump.c.obj)
                0x038098b0                vexControllerGet
 .text.vexControllerTextSet
                0x038098dc       0x74 C:\Program Files (x86)\VEX Robotics\VEXcode Pro V5\sdk/vexv5\libv5rt.a(v5_apijump.c.obj)
                0x038098dc                vexControllerTextSet
 .text.vexDeviceAdiPortConfigSet
                0x03809950       0x34 C:\Program Files (x86)\VEX Robotics\VEXcode Pro V5\sdk/vexv5\libv5rt.a(v5_apijump.c.obj)
                0x03809950                vexDeviceAdiPortConfigSet
 .text.vexDeviceAdiPortConfigGet
                0x03809984       0x2c C:\Program Files (x86)\VEX Robotics\VEXcode Pro V5\sdk/vexv5\libv5rt.a(v5_apijump.c.obj)
                0x03809984                vexDeviceAdiPortConfigGet
 .text.vexDeviceAdiValueSet
                0x038099b0       0x34 C:\Program Files (x86)\VEX Robotics\VEXcode Pro V5\sdk/vexv5\libv5rt.a(v5_apijump.c.obj)
                0x038099b0                vexDeviceAdiValueSet
 .text.vexDeviceAdiValueGet
                0x038099e4       0x2c C:\Program Files (x86)\VEX Robotics\VEXcode Pro V5\sdk/vexv5\libv5rt.a(v5_apijump.c.obj)
                0x038099e4                vexDeviceAdiValueGet
 .text.vexDeviceMotorVelocitySet
                0x03809a10       0x2c C:\Program Files (x86)\VEX Robotics\VEXcode Pro V5\sdk/vexv5\libv5rt.a(v5_apijump.c.obj)
                0x03809a10                vexDeviceMotorVelocitySet
 .text.vexDeviceMotorVoltageSet
                0x03809a3c       0x2c C:\Program Files (x86)\VEX Robotics\VEXcode Pro V5\sdk/vexv5\libv5rt.a(v5_apijump.c.obj)
                0x03809a3c                vexDeviceMotorVoltageSet
 .text.vexDeviceMotorActualVelocityGet
                0x03809a68       0x24 C:\Program Files (x86)\VEX Robotics\VEXcode Pro V5\sdk/vexv5\libv5rt.a(v5_apijump.c.obj)
                0x03809a68                vexDeviceMotorActualVelocityGet
 .text.vexDeviceMotorCurrentLimitSet
                0x03809a8c       0x2c C:\Program Files (x86)\VEX Robotics\VEXcode Pro V5\sdk/vexv5\libv5rt.a(v5_apijump.c.obj)
                0x03809a8c                vexDeviceMotorCurrentLimitSet
 .text.vexDeviceMotorTorqueGet
                0x03809ab8       0x24 C:\Program Files (x86)\VEX Robotics\VEXcode Pro V5\sdk/vexv5\libv5rt.a(v5_apijump.c.obj)
                0x03809ab8                vexDeviceMotorTorqueGet
 .text.vexDeviceMotorReverseFlagSet
                0x03809adc       0x2c C:\Program Files (x86)\VEX Robotics\VEXcode Pro V5\sdk/vexv5\libv5rt.a(v5_apijump.c.obj)
                0x03809adc                vexDeviceMotorReverseFlagSet
 .text.vexDeviceMotorEncoderUnitsSet
                0x03809b08       0x2c C:\Program Files (x86)\VEX Robotics\VEXcode Pro V5\sdk/vexv5\libv5rt.a(v5_apijump.c.obj)
                0x03809b08                vexDeviceMotorEncoderUnitsSet
 .text.vexDeviceMotorBrakeModeSet
                0x03809b34       0x2c C:\Program Files (x86)\VEX Robotics\VEXcode Pro V5\sdk/vexv5\libv5rt.a(v5_apijump.c.obj)
                0x03809b34                vexDeviceMotorBrakeModeSet
 .text.vexDeviceMotorPositionSet
                0x03809b60       0x34 C:\Program Files (x86)\VEX Robotics\VEXcode Pro V5\sdk/vexv5\libv5rt.a(v5_apijump.c.obj)
                0x03809b60                vexDeviceMotorPositionSet
 .text.vexDeviceMotorPositionGet
                0x03809b94       0x24 C:\Program Files (x86)\VEX Robotics\VEXcode Pro V5\sdk/vexv5\libv5rt.a(v5_apijump.c.obj)
                0x03809b94                vexDeviceMotorPositionGet
 .text.vexDeviceMotorGearingSet
                0x03809bb8       0x2c C:\Program Files (x86)\VEX Robotics\VEXcode Pro V5\sdk/vexv5\libv5rt.a(v5_apijump.c.obj)
                0x03809bb8                vexDeviceMotorGearingSet
 .text.vexDeviceMotorGearingGet
                0x03809be4       0x24 C:\Program Files (x86)\VEX Robotics\VEXcode Pro V5\sdk/vexv5\libv5rt.a(v5_apijump.c.obj)
                0x03809be4                vexDeviceMotorGearingGet
 .text.vexDeviceVisionModeSet
                0x03809c08       0x2c C:\Program Files (x86)\VEX Robotics\VEXcode Pro V5\sdk/vexv5\libv5rt.a(v5_apijump.c.obj)
                0x03809c08                vexDeviceVisionModeSet
 .text.vexDeviceVisionObjectCountGet
                0x03809c34       0x24 C:\Program Files (x86)\VEX Robotics\VEXcode Pro V5\sdk/vexv5\libv5rt.a(v5_apijump.c.obj)
                0x03809c34                vexDeviceVisionObjectCountGet
 .text.vexDeviceVisionObjectGet
                0x03809c58       0x34 C:\Program Files (x86)\VEX Robotics\VEXcode Pro V5\sdk/vexv5\libv5rt.a(v5_apijump.c.obj)
                0x03809c58                vexDeviceVisionObjectGet
 .text.vexDeviceVisionSignatureSet
                0x03809c8c       0x2c C:\Program Files (x86)\VEX Robotics\VEXcode Pro V5\sdk/vexv5\libv5rt.a(v5_apijump.c.obj)
                0x03809c8c                vexDeviceVisionSignatureSet
 .text.vexDeviceVisionBrightnessSet
                0x03809cb8       0x2c C:\Program Files (x86)\VEX Robotics\VEXcode Pro V5\sdk/vexv5\libv5rt.a(v5_apijump.c.obj)
                0x03809cb8                vexDeviceVisionBrightnessSet
 .text.vexDeviceVisionLedModeSet
                0x03809ce4       0x2c C:\Program Files (x86)\VEX Robotics\VEXcode Pro V5\sdk/vexv5\libv5rt.a(v5_apijump.c.obj)
                0x03809ce4                vexDeviceVisionLedModeSet
 .text.vexDeviceVisionLedColorSet
                0x03809d10       0x30 C:\Program Files (x86)\VEX Robotics\VEXcode Pro V5\sdk/vexv5\libv5rt.a(v5_apijump.c.obj)
                0x03809d10                vexDeviceVisionLedColorSet
 .text.vexDeviceImuReset
                0x03809d40       0x24 C:\Program Files (x86)\VEX Robotics\VEXcode Pro V5\sdk/vexv5\libv5rt.a(v5_apijump.c.obj)
                0x03809d40                vexDeviceImuReset
 .text.vexDeviceImuHeadingGet
                0x03809d64       0x24 C:\Program Files (x86)\VEX Robotics\VEXcode Pro V5\sdk/vexv5\libv5rt.a(v5_apijump.c.obj)
                0x03809d64                vexDeviceImuHeadingGet
 .text.vexDeviceImuDegreesGet
                0x03809d88       0x24 C:\Program Files (x86)\VEX Robotics\VEXcode Pro V5\sdk/vexv5\libv5rt.a(v5_apijump.c.obj)
                0x03809d88                vexDeviceImuDegreesGet
 .text.vexDeviceImuAttitudeGet
                0x03809dac       0x2c C:\Program Files (x86)\VEX Robotics\VEXcode Pro V5\sdk/vexv5\libv5rt.a(v5_apijump.c.obj)
                0x03809dac                vexDeviceImuAttitudeGet
 .text.vexDeviceImuStatusGet
                0x03809dd8       0x24 C:\Program Files (x86)\VEX Robotics\VEXcode Pro V5\sdk/vexv5\libv5rt.a(v5_apijump.c.obj)
                0x03809dd8                vexDeviceImuStatusGet
 .text.vexDeviceAbsEncPositionSet
                0x03809dfc       0x2c C:\Program Files (x86)\VEX Robotics\VEXcode Pro V5\sdk/vexv5\libv5rt.a(v5_apijump.c.obj)
                0x03809dfc                vexDeviceAbsEncPositionSet
 .text.vexDeviceAbsEncPositionGet
                0x03809e28       0x24 C:\Program Files (x86)\VEX Robotics\VEXcode Pro V5\sdk/vexv5\libv5rt.a(v5_apijump.c.obj)
                0x03809e28                vexDeviceAbsEncPositionGet
 .text.vexDeviceAbsEncAngleGet
                0x03809e4c       0x24 C:\Program Files (x86)\VEX Robotics\VEXcode Pro V5\sdk/vexv5\libv5rt.a(v5_apijump.c.obj)
                0x03809e4c                vexDeviceAbsEncAngleGet
 .text.vexDeviceAbsEncReverseFlagSet
                0x03809e70       0x2c C:\Program Files (x86)\VEX Robotics\VEXcode Pro V5\sdk/vexv5\libv5rt.a(v5_apijump.c.obj)
                0x03809e70                vexDeviceAbsEncReverseFlagSet
 .text.vexDeviceDistanceDistanceGet
                0x03809e9c       0x24 C:\Program Files (x86)\VEX Robotics\VEXcode Pro V5\sdk/vexv5\libv5rt.a(v5_apijump.c.obj)
                0x03809e9c                vexDeviceDistanceDistanceGet
 .text.vexDisplayForegroundColor
                0x03809ec0       0x24 C:\Program Files (x86)\VEX Robotics\VEXcode Pro V5\sdk/vexv5\libv5rt.a(v5_apijump.c.obj)
                0x03809ec0                vexDisplayForegroundColor
 .text.vexDisplayBackgroundColor
                0x03809ee4       0x24 C:\Program Files (x86)\VEX Robotics\VEXcode Pro V5\sdk/vexv5\libv5rt.a(v5_apijump.c.obj)
                0x03809ee4                vexDisplayBackgroundColor
 .text.vexDisplayTextReference
                0x03809f08       0x24 C:\Program Files (x86)\VEX Robotics\VEXcode Pro V5\sdk/vexv5\libv5rt.a(v5_apijump.c.obj)
                0x03809f08                vexDisplayTextReference
 .text.vexDisplayTextSize
                0x03809f2c       0x2c C:\Program Files (x86)\VEX Robotics\VEXcode Pro V5\sdk/vexv5\libv5rt.a(v5_apijump.c.obj)
                0x03809f2c                vexDisplayTextSize
 .text.vexDisplayFontNamedSet
                0x03809f58       0x24 C:\Program Files (x86)\VEX Robotics\VEXcode Pro V5\sdk/vexv5\libv5rt.a(v5_apijump.c.obj)
                0x03809f58                vexDisplayFontNamedSet
 .text.vexSystemStdlibImpureDataAddr
                0x03809f7c       0x28 C:\Program Files (x86)\VEX Robotics\VEXcode Pro V5\sdk/vexv5\libv5rt.a(v5_apijump.c.obj)
                0x03809f7c                vexSystemStdlibImpureDataAddr
 .text.vexSystemStdlibImpureDataSize
                0x03809fa4       0x28 C:\Program Files (x86)\VEX Robotics\VEXcode Pro V5\sdk/vexv5\libv5rt.a(v5_apijump.c.obj)
                0x03809fa4                vexSystemStdlibImpureDataSize
 .text.vexSystemSaveUserData
                0x03809fcc       0x3c C:\Program Files (x86)\VEX Robotics\VEXcode Pro V5\sdk/vexv5\libv5rt.a(v5_apijump.c.obj)
                0x03809fcc                vexSystemSaveUserData
 .text.vexDisplayThemeIdGet
                0x0380a008       0x38 C:\Program Files (x86)\VEX Robotics\VEXcode Pro V5\sdk/vexv5\libv5rt.a(v5_apijump.c.obj)
                0x0380a008                vexDisplayThemeIdGet
 .text.vexDeviceEventMaskSet
                0x0380a040       0x48 C:\Program Files (x86)\VEX Robotics\VEXcode Pro V5\sdk/vexv5\libv5rt.a(v5_apijump.c.obj)
                0x0380a040                vexDeviceEventMaskSet
 .text.vexDeviceEventMaskGet
                0x0380a088       0x3c C:\Program Files (x86)\VEX Robotics\VEXcode Pro V5\sdk/vexv5\libv5rt.a(v5_apijump.c.obj)
                0x0380a088                vexDeviceEventMaskGet
 .text.vexSystemVersion
                0x0380a0c4       0x10 C:\Program Files (x86)\VEX Robotics\VEXcode Pro V5\sdk/vexv5\libv5rt.a(v5_apiversions.c.obj)
                0x0380a0c4                vexSystemVersion
 .text.vexStdlibVersion
                0x0380a0d4       0x10 C:\Program Files (x86)\VEX Robotics\VEXcode Pro V5\sdk/vexv5\libv5rt.a(v5_apiversions.c.obj)
                0x0380a0d4                vexStdlibVersion
 *fill*         0x0380a0e4        0x4 
 .text._ZN3vex4waitEdNS_9timeUnitsE
                0x0380a0e8       0x30 C:\Program Files (x86)\VEX Robotics\VEXcode Pro V5\sdk/vexv5\libv5rt.a(vex_global.cpp.obj)
                0x0380a0e8                vex::wait(double, vex::timeUnits)
 .text._ZN3vex5motorD2Ev
                0x0380a118       0x20 C:\Program Files (x86)\VEX Robotics\VEXcode Pro V5\sdk/vexv5\libv5rt.a(vex_motor.cpp.obj)
                0x0380a118                vex::motor::~motor()
                0x0380a118                vex::motor::~motor()
 .text._ZN3vex5motorD0Ev
                0x0380a138       0x1c C:\Program Files (x86)\VEX Robotics\VEXcode Pro V5\sdk/vexv5\libv5rt.a(vex_motor.cpp.obj)
                0x0380a138                vex::motor::~motor()
 .text._ZN3vex5motor9installedEv
                0x0380a154       0x18 C:\Program Files (x86)\VEX Robotics\VEXcode Pro V5\sdk/vexv5\libv5rt.a(vex_motor.cpp.obj)
                0x0380a154                vex::motor::installed()
 .text._ZN3vex5motor15defaultStoppingENS_9brakeTypeE
                0x0380a16c       0x30 C:\Program Files (x86)\VEX Robotics\VEXcode Pro V5\sdk/vexv5\libv5rt.a(vex_motor.cpp.obj)
                0x0380a16c                vex::motor::defaultStopping(vex::brakeType)
 .text._ZN3vex5motor8setBrakeENS_9brakeTypeE
                0x0380a19c        0x4 C:\Program Files (x86)\VEX Robotics\VEXcode Pro V5\sdk/vexv5\libv5rt.a(vex_motor.cpp.obj)
                0x0380a19c                vex::motor::setBrake(vex::brakeType)
 .text._ZN3vex5motorC2El
                0x0380a1a0       0x78 C:\Program Files (x86)\VEX Robotics\VEXcode Pro V5\sdk/vexv5\libv5rt.a(vex_motor.cpp.obj)
                0x0380a1a0                vex::motor::motor(long)
                0x0380a1a0                vex::motor::motor(long)
 .text._ZN3vex5motorC2ElNS_11gearSettingEb
                0x0380a218       0x34 C:\Program Files (x86)\VEX Robotics\VEXcode Pro V5\sdk/vexv5\libv5rt.a(vex_motor.cpp.obj)
                0x0380a218                vex::motor::motor(long, vex::gearSetting, bool)
                0x0380a218                vex::motor::motor(long, vex::gearSetting, bool)
 *fill*         0x0380a24c        0x4 
 .text._ZN3vex5motor4spinENS_13directionTypeEdNS_12voltageUnitsE
                0x0380a250       0x50 C:\Program Files (x86)\VEX Robotics\VEXcode Pro V5\sdk/vexv5\libv5rt.a(vex_motor.cpp.obj)
                0x0380a250                vex::motor::spin(vex::directionType, double, vex::voltageUnits)
 .text._ZN3vex5motor4stopENS_9brakeTypeE
                0x0380a2a0       0x30 C:\Program Files (x86)\VEX Robotics\VEXcode Pro V5\sdk/vexv5\libv5rt.a(vex_motor.cpp.obj)
                0x0380a2a0                vex::motor::stop(vex::brakeType)
 .text._ZN3vex5motor12setMaxTorqueEdNS_12percentUnitsE
                0x0380a2d0       0x88 C:\Program Files (x86)\VEX Robotics\VEXcode Pro V5\sdk/vexv5\libv5rt.a(vex_motor.cpp.obj)
                0x0380a2d0                vex::motor::setMaxTorque(double, vex::percentUnits)
 .text._ZN3vex5motor6torqueENS_11torqueUnitsE
                0x0380a358       0x30 C:\Program Files (x86)\VEX Robotics\VEXcode Pro V5\sdk/vexv5\libv5rt.a(vex_motor.cpp.obj)
                0x0380a358                vex::motor::torque(vex::torqueUnits)
 .text._ZN3vex5motor16velocityToScaledEdNS_13velocityUnitsE
                0x0380a388       0x5c C:\Program Files (x86)\VEX Robotics\VEXcode Pro V5\sdk/vexv5\libv5rt.a(vex_motor.cpp.obj)
                0x0380a388                vex::motor::velocityToScaled(double, vex::velocityUnits)
 .text._ZN3vex5motor8velocityENS_13velocityUnitsE
                0x0380a3e4       0x30 C:\Program Files (x86)\VEX Robotics\VEXcode Pro V5\sdk/vexv5\libv5rt.a(vex_motor.cpp.obj)
                0x0380a3e4                vex::motor::velocity(vex::velocityUnits)
 .text._ZN3vex5motor5valueEv
                0x0380a414       0x1c C:\Program Files (x86)\VEX Robotics\VEXcode Pro V5\sdk/vexv5\libv5rt.a(vex_motor.cpp.obj)
                0x0380a414                vex::motor::value()
 .text._ZN3vex5motor16scaledToVelocityEdNS_13velocityUnitsE
                0x0380a430       0xa4 C:\Program Files (x86)\VEX Robotics\VEXcode Pro V5\sdk/vexv5\libv5rt.a(vex_motor.cpp.obj)
                0x0380a430                vex::motor::scaledToVelocity(double, vex::velocityUnits)
 .text._ZN3vex5motor4spinENS_13directionTypeEdNS_13velocityUnitsE
                0x0380a4d4       0x5c C:\Program Files (x86)\VEX Robotics\VEXcode Pro V5\sdk/vexv5\libv5rt.a(vex_motor.cpp.obj)
                0x0380a4d4                vex::motor::spin(vex::directionType, double, vex::velocityUnits)
 .text._ZN3vex5motor16setRotationUnitsENS_13rotationUnitsE
                0x0380a530       0x1c C:\Program Files (x86)\VEX Robotics\VEXcode Pro V5\sdk/vexv5\libv5rt.a(vex_motor.cpp.obj)
                0x0380a530                vex::motor::setRotationUnits(vex::rotationUnits)
 .text._ZN3vex5motor11setRotationEdNS_13rotationUnitsE
                0x0380a54c       0x44 C:\Program Files (x86)\VEX Robotics\VEXcode Pro V5\sdk/vexv5\libv5rt.a(vex_motor.cpp.obj)
                0x0380a54c                vex::motor::setRotation(double, vex::rotationUnits)
 .text._ZN3vex5motor13resetPositionEv
                0x0380a590       0x20 C:\Program Files (x86)\VEX Robotics\VEXcode Pro V5\sdk/vexv5\libv5rt.a(vex_motor.cpp.obj)
                0x0380a590                vex::motor::resetPosition()
 .text._ZN3vex5motor11setPositionEdNS_13rotationUnitsE
                0x0380a5b0        0x4 C:\Program Files (x86)\VEX Robotics\VEXcode Pro V5\sdk/vexv5\libv5rt.a(vex_motor.cpp.obj)
                0x0380a5b0                vex::motor::setPosition(double, vex::rotationUnits)
 .text._ZN3vex5motor8rotationENS_13rotationUnitsE
                0x0380a5b4       0x44 C:\Program Files (x86)\VEX Robotics\VEXcode Pro V5\sdk/vexv5\libv5rt.a(vex_motor.cpp.obj)
                0x0380a5b4                vex::motor::rotation(vex::rotationUnits)
 .text._ZN3vex5motor8positionENS_13rotationUnitsE
                0x0380a5f8        0x4 C:\Program Files (x86)\VEX Robotics\VEXcode Pro V5\sdk/vexv5\libv5rt.a(vex_motor.cpp.obj)
                0x0380a5f8                vex::motor::position(vex::rotationUnits)
 .text._ZN3vex6vision9installedEv
                0x0380a5fc       0x18 C:\Program Files (x86)\VEX Robotics\VEXcode Pro V5\sdk/vexv5\libv5rt.a(vex_vision.cpp.obj)
                0x0380a5fc                vex::vision::installed()
 .text._ZN3vex6visionD2Ev
                0x0380a614       0x38 C:\Program Files (x86)\VEX Robotics\VEXcode Pro V5\sdk/vexv5\libv5rt.a(vex_vision.cpp.obj)
                0x0380a614                vex::vision::~vision()
                0x0380a614                vex::vision::~vision()
 .text._ZN3vex6visionD0Ev
                0x0380a64c       0x1c C:\Program Files (x86)\VEX Robotics\VEXcode Pro V5\sdk/vexv5\libv5rt.a(vex_vision.cpp.obj)
                0x0380a64c                vex::vision::~vision()
 .text._ZN3vex6vision12setSignatureERNS0_9signatureE
                0x0380a668       0x70 C:\Program Files (x86)\VEX Robotics\VEXcode Pro V5\sdk/vexv5\libv5rt.a(vex_vision.cpp.obj)
                0x0380a668                vex::vision::setSignature(vex::vision::signature&)
 .text._ZN3vex6vision7setModeENS0_13detectionModeE
                0x0380a6d8       0x18 C:\Program Files (x86)\VEX Robotics\VEXcode Pro V5\sdk/vexv5\libv5rt.a(vex_vision.cpp.obj)
                0x0380a6d8                vex::vision::setMode(vex::vision::detectionMode)
 .text._ZN3vex6vision13setBrightnessEh
                0x0380a6f0       0x30 C:\Program Files (x86)\VEX Robotics\VEXcode Pro V5\sdk/vexv5\libv5rt.a(vex_vision.cpp.obj)
                0x0380a6f0                vex::vision::setBrightness(unsigned char)
 .text._ZN3vex6vision10setLedModeENS0_7ledModeE
                0x0380a720       0x18 C:\Program Files (x86)\VEX Robotics\VEXcode Pro V5\sdk/vexv5\libv5rt.a(vex_vision.cpp.obj)
                0x0380a720                vex::vision::setLedMode(vex::vision::ledMode)
 .text._ZN3vex6vision11setLedColorEhhh
                0x0380a738       0x30 C:\Program Files (x86)\VEX Robotics\VEXcode Pro V5\sdk/vexv5\libv5rt.a(vex_vision.cpp.obj)
                0x0380a738                vex::vision::setLedColor(unsigned char, unsigned char, unsigned char)
 .text._ZN3vex6vision9signatureD2Ev
                0x0380a768        0x4 C:\Program Files (x86)\VEX Robotics\VEXcode Pro V5\sdk/vexv5\libv5rt.a(vex_vision.cpp.obj)
                0x0380a768                vex::vision::signature::~signature()
                0x0380a768                vex::vision::signature::~signature()
 .text._ZN3vex6vision9signature5clearEv
                0x0380a76c       0x38 C:\Program Files (x86)\VEX Robotics\VEXcode Pro V5\sdk/vexv5\libv5rt.a(vex_vision.cpp.obj)
                0x0380a76c                vex::vision::signature::clear()
 .text._ZN3vex6vision9signatureC2Ev
                0x0380a7a4       0x60 C:\Program Files (x86)\VEX Robotics\VEXcode Pro V5\sdk/vexv5\libv5rt.a(vex_vision.cpp.obj)
                0x0380a7a4                vex::vision::signature::signature()
                0x0380a7a4                vex::vision::signature::signature()
 .text._ZN3vex6vision9signatureC2Elllllllfl
                0x0380a804       0x5c C:\Program Files (x86)\VEX Robotics\VEXcode Pro V5\sdk/vexv5\libv5rt.a(vex_vision.cpp.obj)
                0x0380a804                vex::vision::signature::signature(long, long, long, long, long, long, long, float, long)
                0x0380a804                vex::vision::signature::signature(long, long, long, long, long, long, long, float, long)
 .text._ZN3vex6vision6object3setE22_V5_DeviceVisionObject
                0x0380a860       0x78 C:\Program Files (x86)\VEX Robotics\VEXcode Pro V5\sdk/vexv5\libv5rt.a(vex_vision.cpp.obj)
                0x0380a860                vex::vision::object::set(_V5_DeviceVisionObject)
 .text._ZN3vex6vision6object5clearEv
                0x0380a8d8       0x38 C:\Program Files (x86)\VEX Robotics\VEXcode Pro V5\sdk/vexv5\libv5rt.a(vex_vision.cpp.obj)
                0x0380a8d8                vex::vision::object::clear()
 .text._ZN3vex6vision6objectC2Ev
                0x0380a910       0x58 C:\Program Files (x86)\VEX Robotics\VEXcode Pro V5\sdk/vexv5\libv5rt.a(vex_vision.cpp.obj)
                0x0380a910                vex::vision::object::object()
                0x0380a910                vex::vision::object::object()
 .text._ZN3vex6vision13_clearObjectsEv
                0x0380a968       0x40 C:\Program Files (x86)\VEX Robotics\VEXcode Pro V5\sdk/vexv5\libv5rt.a(vex_vision.cpp.obj)
                0x0380a968                vex::vision::_clearObjects()
 .text._ZN3vex6vision6objectaSERKS1_
                0x0380a9a8       0x74 C:\Program Files (x86)\VEX Robotics\VEXcode Pro V5\sdk/vexv5\libv5rt.a(vex_vision.cpp.obj)
                0x0380a9a8                vex::vision::object::operator=(vex::vision::object const&)
 .text._ZN3vex6vision12takeSnapshotEmm
                0x0380aa1c       0xf4 C:\Program Files (x86)\VEX Robotics\VEXcode Pro V5\sdk/vexv5\libv5rt.a(vex_vision.cpp.obj)
                0x0380aa1c                vex::vision::takeSnapshot(unsigned long, unsigned long)
 .text._ZN3vex6vision12takeSnapshotEm
                0x0380ab10        0x8 C:\Program Files (x86)\VEX Robotics\VEXcode Pro V5\sdk/vexv5\libv5rt.a(vex_vision.cpp.obj)
                0x0380ab10                vex::vision::takeSnapshot(unsigned long)
 .text._ZN3vex6vision5valueEv
                0x0380ab18        0x8 C:\Program Files (x86)\VEX Robotics\VEXcode Pro V5\sdk/vexv5\libv5rt.a(vex_vision.cpp.obj)
                0x0380ab18                vex::vision::value()
 .text._ZN3vex6vision12takeSnapshotERNS0_9signatureEm
                0x0380ab20        0xc C:\Program Files (x86)\VEX Robotics\VEXcode Pro V5\sdk/vexv5\libv5rt.a(vex_vision.cpp.obj)
                0x0380ab20                vex::vision::takeSnapshot(vex::vision::signature&, unsigned long)
 .text._ZN3vex6vision6objectaSEl
                0x0380ab2c       0x38 C:\Program Files (x86)\VEX Robotics\VEXcode Pro V5\sdk/vexv5\libv5rt.a(vex_vision.cpp.obj)
                0x0380ab2c                vex::vision::object::operator=(long)
 .text._ZN3vex6visionC2El
                0x0380ab64       0xa4 C:\Program Files (x86)\VEX Robotics\VEXcode Pro V5\sdk/vexv5\libv5rt.a(vex_vision.cpp.obj)
                0x0380ab64                vex::vision::vision(long)
                0x0380ab64                vex::vision::vision(long)
 .text._ZN3vex8inertial11getTurnTypeEv
                0x0380ac08        0x8 C:\Program Files (x86)\VEX Robotics\VEXcode Pro V5\sdk/vexv5\libv5rt.a(vex_imu.cpp.obj)
                0x0380ac08                vex::inertial::getTurnType()
 .text._ZThn16_N3vex8inertial11getTurnTypeEv
                0x0380ac10        0x8 C:\Program Files (x86)\VEX Robotics\VEXcode Pro V5\sdk/vexv5\libv5rt.a(vex_imu.cpp.obj)
                0x0380ac10                non-virtual thunk to vex::inertial::getTurnType()
 .text._ZN3vex8inertial10setHeadingEdNS_13rotationUnitsE
                0x0380ac18       0x58 C:\Program Files (x86)\VEX Robotics\VEXcode Pro V5\sdk/vexv5\libv5rt.a(vex_imu.cpp.obj)
                0x0380ac18                vex::inertial::setHeading(double, vex::rotationUnits)
 .text._ZThn16_N3vex8inertial10setHeadingEdNS_13rotationUnitsE
                0x0380ac70        0x8 C:\Program Files (x86)\VEX Robotics\VEXcode Pro V5\sdk/vexv5\libv5rt.a(vex_imu.cpp.obj)
                0x0380ac70                non-virtual thunk to vex::inertial::setHeading(double, vex::rotationUnits)
 .text._ZN3vex8inertial11setRotationEdNS_13rotationUnitsE
                0x0380ac78       0x58 C:\Program Files (x86)\VEX Robotics\VEXcode Pro V5\sdk/vexv5\libv5rt.a(vex_imu.cpp.obj)
                0x0380ac78                vex::inertial::setRotation(double, vex::rotationUnits)
 .text._ZThn16_N3vex8inertial11setRotationEdNS_13rotationUnitsE
                0x0380acd0        0x8 C:\Program Files (x86)\VEX Robotics\VEXcode Pro V5\sdk/vexv5\libv5rt.a(vex_imu.cpp.obj)
                0x0380acd0                non-virtual thunk to vex::inertial::setRotation(double, vex::rotationUnits)
 .text._ZN3vex8inertialD2Ev
                0x0380acd8       0x20 C:\Program Files (x86)\VEX Robotics\VEXcode Pro V5\sdk/vexv5\libv5rt.a(vex_imu.cpp.obj)
                0x0380acd8                vex::inertial::~inertial()
                0x0380acd8                vex::inertial::~inertial()
 .text._ZThn16_N3vex8inertialD1Ev
                0x0380acf8        0x8 C:\Program Files (x86)\VEX Robotics\VEXcode Pro V5\sdk/vexv5\libv5rt.a(vex_imu.cpp.obj)
                0x0380acf8                non-virtual thunk to vex::inertial::~inertial()
 .text._ZN3vex8inertialD0Ev
                0x0380ad00       0x1c C:\Program Files (x86)\VEX Robotics\VEXcode Pro V5\sdk/vexv5\libv5rt.a(vex_imu.cpp.obj)
                0x0380ad00                vex::inertial::~inertial()
 .text._ZThn16_N3vex8inertialD0Ev
                0x0380ad1c        0x8 C:\Program Files (x86)\VEX Robotics\VEXcode Pro V5\sdk/vexv5\libv5rt.a(vex_imu.cpp.obj)
                0x0380ad1c                non-virtual thunk to vex::inertial::~inertial()
 .text._ZN3vex8inertial9installedEv
                0x0380ad24       0x18 C:\Program Files (x86)\VEX Robotics\VEXcode Pro V5\sdk/vexv5\libv5rt.a(vex_imu.cpp.obj)
                0x0380ad24                vex::inertial::installed()
 .text._ZN3vex8inertial5angleENS_13rotationUnitsE
                0x0380ad3c       0x6c C:\Program Files (x86)\VEX Robotics\VEXcode Pro V5\sdk/vexv5\libv5rt.a(vex_imu.cpp.obj)
                0x0380ad3c                vex::inertial::angle(vex::rotationUnits)
 .text._ZThn16_N3vex8inertial5angleENS_13rotationUnitsE
                0x0380ada8        0x8 C:\Program Files (x86)\VEX Robotics\VEXcode Pro V5\sdk/vexv5\libv5rt.a(vex_imu.cpp.obj)
                0x0380ada8                non-virtual thunk to vex::inertial::angle(vex::rotationUnits)
 .text._ZN3vex8inertial7headingENS_13rotationUnitsE
                0x0380adb0        0x4 C:\Program Files (x86)\VEX Robotics\VEXcode Pro V5\sdk/vexv5\libv5rt.a(vex_imu.cpp.obj)
                0x0380adb0                vex::inertial::heading(vex::rotationUnits)
 .text._ZThn16_N3vex8inertial7headingENS_13rotationUnitsE
                0x0380adb4        0x8 C:\Program Files (x86)\VEX Robotics\VEXcode Pro V5\sdk/vexv5\libv5rt.a(vex_imu.cpp.obj)
                0x0380adb4                non-virtual thunk to vex::inertial::heading(vex::rotationUnits)
 .text._ZN3vex8inertial5valueEv
                0x0380adbc       0x1c C:\Program Files (x86)\VEX Robotics\VEXcode Pro V5\sdk/vexv5\libv5rt.a(vex_imu.cpp.obj)
                0x0380adbc                vex::inertial::value()
 .text._ZN3vex8inertial8rotationENS_13rotationUnitsE
                0x0380add8       0x48 C:\Program Files (x86)\VEX Robotics\VEXcode Pro V5\sdk/vexv5\libv5rt.a(vex_imu.cpp.obj)
                0x0380add8                vex::inertial::rotation(vex::rotationUnits)
 .text._ZThn16_N3vex8inertial8rotationENS_13rotationUnitsE
                0x0380ae20        0x8 C:\Program Files (x86)\VEX Robotics\VEXcode Pro V5\sdk/vexv5\libv5rt.a(vex_imu.cpp.obj)
                0x0380ae20                non-virtual thunk to vex::inertial::rotation(vex::rotationUnits)
 .text._ZN3vex8inertial13isCalibratingEv
                0x0380ae28       0x38 C:\Program Files (x86)\VEX Robotics\VEXcode Pro V5\sdk/vexv5\libv5rt.a(vex_imu.cpp.obj)
                0x0380ae28                vex::inertial::isCalibrating()
 .text._ZThn16_N3vex8inertial13isCalibratingEv
                0x0380ae60        0x8 C:\Program Files (x86)\VEX Robotics\VEXcode Pro V5\sdk/vexv5\libv5rt.a(vex_imu.cpp.obj)
                0x0380ae60                non-virtual thunk to vex::inertial::isCalibrating()
 .text._ZN3vex8inertialC2ElNS_8turnTypeE
                0x0380ae68       0x4c C:\Program Files (x86)\VEX Robotics\VEXcode Pro V5\sdk/vexv5\libv5rt.a(vex_imu.cpp.obj)
                0x0380ae68                vex::inertial::inertial(long, vex::turnType)
                0x0380ae68                vex::inertial::inertial(long, vex::turnType)
 *fill*         0x0380aeb4        0x4 
 .text._ZN3vex8inertial4rollENS_13rotationUnitsE
                0x0380aeb8       0x40 C:\Program Files (x86)\VEX Robotics\VEXcode Pro V5\sdk/vexv5\libv5rt.a(vex_imu.cpp.obj)
                0x0380aeb8                vex::inertial::roll(vex::rotationUnits)
 .text._ZN3vex8inertial5pitchENS_13rotationUnitsE
                0x0380aef8       0x40 C:\Program Files (x86)\VEX Robotics\VEXcode Pro V5\sdk/vexv5\libv5rt.a(vex_imu.cpp.obj)
                0x0380aef8                vex::inertial::pitch(vex::rotationUnits)
 .text._ZN3vex8inertial16startCalibrationEl
                0x0380af38       0x20 C:\Program Files (x86)\VEX Robotics\VEXcode Pro V5\sdk/vexv5\libv5rt.a(vex_imu.cpp.obj)
                0x0380af38                vex::inertial::startCalibration(long)
 .text._ZN3vex8inertial9calibrateEl
                0x0380af58        0xc C:\Program Files (x86)\VEX Robotics\VEXcode Pro V5\sdk/vexv5\libv5rt.a(vex_imu.cpp.obj)
                0x0380af58                vex::inertial::calibrate(long)
                0x0380af5c                non-virtual thunk to vex::inertial::calibrate(long)
 .text._ZN3vex8rotationD2Ev
                0x0380af64       0x20 C:\Program Files (x86)\VEX Robotics\VEXcode Pro V5\sdk/vexv5\libv5rt.a(vex_rotation.cpp.obj)
                0x0380af64                vex::rotation::~rotation()
                0x0380af64                vex::rotation::~rotation()
 .text._ZN3vex8rotationD0Ev
                0x0380af84       0x1c C:\Program Files (x86)\VEX Robotics\VEXcode Pro V5\sdk/vexv5\libv5rt.a(vex_rotation.cpp.obj)
                0x0380af84                vex::rotation::~rotation()
 .text._ZN3vex8rotation9installedEv
                0x0380afa0       0x18 C:\Program Files (x86)\VEX Robotics\VEXcode Pro V5\sdk/vexv5\libv5rt.a(vex_rotation.cpp.obj)
                0x0380afa0                vex::rotation::installed()
 .text._ZN3vex8rotation5valueEv
                0x0380afb8        0x8 C:\Program Files (x86)\VEX Robotics\VEXcode Pro V5\sdk/vexv5\libv5rt.a(vex_rotation.cpp.obj)
                0x0380afb8                vex::rotation::value()
 .text._ZN3vex8rotationC2Elb
                0x0380afc0       0x30 C:\Program Files (x86)\VEX Robotics\VEXcode Pro V5\sdk/vexv5\libv5rt.a(vex_rotation.cpp.obj)
                0x0380afc0                vex::rotation::rotation(long, bool)
                0x0380afc0                vex::rotation::rotation(long, bool)
 .text._ZN3vex8rotation13resetPositionEv
                0x0380aff0        0xc C:\Program Files (x86)\VEX Robotics\VEXcode Pro V5\sdk/vexv5\libv5rt.a(vex_rotation.cpp.obj)
                0x0380aff0                vex::rotation::resetPosition()
 *fill*         0x0380affc        0x4 
 .text._ZN3vex8rotation11setPositionEdNS_13rotationUnitsE
                0x0380b000       0x48 C:\Program Files (x86)\VEX Robotics\VEXcode Pro V5\sdk/vexv5\libv5rt.a(vex_rotation.cpp.obj)
                0x0380b000                vex::rotation::setPosition(double, vex::rotationUnits)
 .text._ZN3vex8rotation8positionENS_13rotationUnitsE
                0x0380b048       0x50 C:\Program Files (x86)\VEX Robotics\VEXcode Pro V5\sdk/vexv5\libv5rt.a(vex_rotation.cpp.obj)
                0x0380b048                vex::rotation::position(vex::rotationUnits)
 .text._ZN3vex8distanceD2Ev
                0x0380b098       0x20 C:\Program Files (x86)\VEX Robotics\VEXcode Pro V5\sdk/vexv5\libv5rt.a(vex_distance.cpp.obj)
                0x0380b098                vex::distance::~distance()
                0x0380b098                vex::distance::~distance()
 .text._ZN3vex8distanceD0Ev
                0x0380b0b8       0x1c C:\Program Files (x86)\VEX Robotics\VEXcode Pro V5\sdk/vexv5\libv5rt.a(vex_distance.cpp.obj)
                0x0380b0b8                vex::distance::~distance()
 .text._ZN3vex8distance9installedEv
                0x0380b0d4       0x18 C:\Program Files (x86)\VEX Robotics\VEXcode Pro V5\sdk/vexv5\libv5rt.a(vex_distance.cpp.obj)
                0x0380b0d4                vex::distance::installed()
 .text._ZN3vex8distance5valueEv
                0x0380b0ec        0x8 C:\Program Files (x86)\VEX Robotics\VEXcode Pro V5\sdk/vexv5\libv5rt.a(vex_distance.cpp.obj)
                0x0380b0ec                vex::distance::value()
 .text._ZN3vex8distanceC2El
                0x0380b0f4       0x20 C:\Program Files (x86)\VEX Robotics\VEXcode Pro V5\sdk/vexv5\libv5rt.a(vex_distance.cpp.obj)
                0x0380b0f4                vex::distance::distance(long)
                0x0380b0f4                vex::distance::distance(long)
 *fill*         0x0380b114        0x4 
 .text._ZN3vex8distance14objectDistanceENS_13distanceUnitsE
                0x0380b118       0x48 C:\Program Files (x86)\VEX Robotics\VEXcode Pro V5\sdk/vexv5\libv5rt.a(vex_distance.cpp.obj)
                0x0380b118                vex::distance::objectDistance(vex::distanceUnits)
 .text._ZN3vex10controllerD2Ev
                0x0380b160        0x4 C:\Program Files (x86)\VEX Robotics\VEXcode Pro V5\sdk/vexv5\libv5rt.a(vex_controller.cpp.obj)
                0x0380b160                vex::controller::~controller()
                0x0380b160                vex::controller::~controller()
 .text._ZN3vex10controller5valueE19_V5_ControllerIndex
                0x0380b164        0x8 C:\Program Files (x86)\VEX Robotics\VEXcode Pro V5\sdk/vexv5\libv5rt.a(vex_controller.cpp.obj)
                0x0380b164                vex::controller::value(_V5_ControllerIndex)
 .text._ZN3vex10controller6rumbleEPKc
                0x0380b16c       0x4c C:\Program Files (x86)\VEX Robotics\VEXcode Pro V5\sdk/vexv5\libv5rt.a(vex_controller.cpp.obj)
                0x0380b16c                vex::controller::rumble(char const*)
 .text._ZNK3vex10controller6button8pressingEv
                0x0380b1b8       0xc8 C:\Program Files (x86)\VEX Robotics\VEXcode Pro V5\sdk/vexv5\libv5rt.a(vex_controller.cpp.obj)
                0x0380b1b8                vex::controller::button::pressing() const
 .text._ZNK3vex10controller6button21_buttonToPressedEventEv
                0x0380b280       0x20 C:\Program Files (x86)\VEX Robotics\VEXcode Pro V5\sdk/vexv5\libv5rt.a(vex_controller.cpp.obj)
                0x0380b280                vex::controller::button::_buttonToPressedEvent() const
 .text._ZNK3vex10controller6button22_buttonToReleasedEventEv
                0x0380b2a0       0x20 C:\Program Files (x86)\VEX Robotics\VEXcode Pro V5\sdk/vexv5\libv5rt.a(vex_controller.cpp.obj)
                0x0380b2a0                vex::controller::button::_buttonToReleasedEvent() const
 .text._ZN3vex10controller6buttonC2ENS0_11tButtonTypeEPS0_
                0x0380b2c0       0x48 C:\Program Files (x86)\VEX Robotics\VEXcode Pro V5\sdk/vexv5\libv5rt.a(vex_controller.cpp.obj)
                0x0380b2c0                vex::controller::button::button(vex::controller::tButtonType, vex::controller*)
                0x0380b2c0                vex::controller::button::button(vex::controller::tButtonType, vex::controller*)
 .text._ZNK3vex10controller4axis5valueEv
                0x0380b308       0x58 C:\Program Files (x86)\VEX Robotics\VEXcode Pro V5\sdk/vexv5\libv5rt.a(vex_controller.cpp.obj)
                0x0380b308                vex::controller::axis::value() const
 .text._ZNK3vex10controller4axis8positionENS_12percentUnitsE
                0x0380b360       0x1c C:\Program Files (x86)\VEX Robotics\VEXcode Pro V5\sdk/vexv5\libv5rt.a(vex_controller.cpp.obj)
                0x0380b360                vex::controller::axis::position(vex::percentUnits) const
 .text._ZNK3vex10controller4axis23_joystickToChangedEventEv
                0x0380b37c       0x20 C:\Program Files (x86)\VEX Robotics\VEXcode Pro V5\sdk/vexv5\libv5rt.a(vex_controller.cpp.obj)
                0x0380b37c                vex::controller::axis::_joystickToChangedEvent() const
 .text._ZN3vex10controller4axisC2ENS0_9tAxisTypeEPS0_
                0x0380b39c       0x2c C:\Program Files (x86)\VEX Robotics\VEXcode Pro V5\sdk/vexv5\libv5rt.a(vex_controller.cpp.obj)
                0x0380b39c                vex::controller::axis::axis(vex::controller::tAxisType, vex::controller*)
                0x0380b39c                vex::controller::axis::axis(vex::controller::tAxisType, vex::controller*)
 .text._ZN3vex10controllerC2ENS_14controllerTypeE
                0x0380b3c8      0x16c C:\Program Files (x86)\VEX Robotics\VEXcode Pro V5\sdk/vexv5\libv5rt.a(vex_controller.cpp.obj)
                0x0380b3c8                vex::controller::controller(vex::controllerType)
                0x0380b3c8                vex::controller::controller(vex::controllerType)
 .text._ZN3vex4taskC2EPFivE
                0x0380b534       0x5c C:\Program Files (x86)\VEX Robotics\VEXcode Pro V5\sdk/vexv5\libv5rt.a(vex_task.cpp.obj)
                0x0380b534                vex::task::task(int (*)())
                0x0380b534                vex::task::task(int (*)())
 .text._ZN3vex4taskD2Ev
                0x0380b590        0x4 C:\Program Files (x86)\VEX Robotics\VEXcode Pro V5\sdk/vexv5\libv5rt.a(vex_task.cpp.obj)
                0x0380b590                vex::task::~task()
                0x0380b590                vex::task::~task()
 .text._ZN3vex4task4stopEPvi
                0x0380b594       0x1c C:\Program Files (x86)\VEX Robotics\VEXcode Pro V5\sdk/vexv5\libv5rt.a(vex_task.cpp.obj)
                0x0380b594                vex::task::stop(void*, int)
 .text._ZN3vex4task6_indexEPFivE
                0x0380b5b0       0x14 C:\Program Files (x86)\VEX Robotics\VEXcode Pro V5\sdk/vexv5\libv5rt.a(vex_task.cpp.obj)
                0x0380b5b0                vex::task::_index(int (*)())
 .text._ZN3vex4task8_stopAllEv
                0x0380b5c4       0x3c C:\Program Files (x86)\VEX Robotics\VEXcode Pro V5\sdk/vexv5\libv5rt.a(vex_task.cpp.obj)
                0x0380b5c4                vex::task::_stopAll()
 .text._ZN3vex11this_thread9sleep_forEm
                0x0380b600        0x4 C:\Program Files (x86)\VEX Robotics\VEXcode Pro V5\sdk/vexv5\libv5rt.a(vex_thread.cpp.obj)
                0x0380b600                vex::this_thread::sleep_for(unsigned long)
 .text._ZN3vex5event4initEmmPFvvE
                0x0380b604        0x4 C:\Program Files (x86)\VEX Robotics\VEXcode Pro V5\sdk/vexv5\libv5rt.a(vex_event.cpp.obj)
                0x0380b604                vex::event::init(unsigned long, unsigned long, void (*)())
 .text._ZN3vex5event4initEmmPFvPvES1_
                0x0380b608        0x4 C:\Program Files (x86)\VEX Robotics\VEXcode Pro V5\sdk/vexv5\libv5rt.a(vex_event.cpp.obj)
                0x0380b608                vex::event::init(unsigned long, unsigned long, void (*)(void*), void*)
 .text._ZN3vex5event9userindexEv
                0x0380b60c        0x4 C:\Program Files (x86)\VEX Robotics\VEXcode Pro V5\sdk/vexv5\libv5rt.a(vex_event.cpp.obj)
                0x0380b60c                vex::event::userindex()
 .text._ZZN3vex6meventC4EmmENUlvE_4_FUNEv
                0x0380b610        0x4 C:\Program Files (x86)\VEX Robotics\VEXcode Pro V5\sdk/vexv5\libv5rt.a(vex_mevent.cpp.obj)
 .text._ZN3vex6meventC2Emm
                0x0380b614       0x70 C:\Program Files (x86)\VEX Robotics\VEXcode Pro V5\sdk/vexv5\libv5rt.a(vex_mevent.cpp.obj)
                0x0380b614                vex::mevent::mevent(unsigned long, unsigned long)
                0x0380b614                vex::mevent::mevent(unsigned long, unsigned long)
 .text._ZN3vex5brain9_getIndexEv
                0x0380b684       0x10 C:\Program Files (x86)\VEX Robotics\VEXcode Pro V5\sdk/vexv5\libv5rt.a(vex_brain.cpp.obj)
                0x0380b684                vex::brain::_getIndex()
 .text._ZN3vex5brain3lcd9setCursorEll
                0x0380b694       0x44 C:\Program Files (x86)\VEX Robotics\VEXcode Pro V5\sdk/vexv5\libv5rt.a(vex_brain.cpp.obj)
                0x0380b694                vex::brain::lcd::setCursor(long, long)
 .text._ZN3vex5brain3lcd7setFontENS_8fontTypeE
                0x0380b6d8      0x23c C:\Program Files (x86)\VEX Robotics\VEXcode Pro V5\sdk/vexv5\libv5rt.a(vex_brain.cpp.obj)
                0x0380b6d8                vex::brain::lcd::setFont(vex::fontType)
 .text._ZN3vex5brain3lcdC2Ev
                0x0380b914       0x94 C:\Program Files (x86)\VEX Robotics\VEXcode Pro V5\sdk/vexv5\libv5rt.a(vex_brain.cpp.obj)
                0x0380b914                vex::brain::lcd::lcd()
                0x0380b914                vex::brain::lcd::lcd()
 .text._ZN3vex5brainC2Ev
                0x0380b9a8       0x3c C:\Program Files (x86)\VEX Robotics\VEXcode Pro V5\sdk/vexv5\libv5rt.a(vex_brain.cpp.obj)
                0x0380b9a8                vex::brain::brain()
                0x0380b9a8                vex::brain::brain()
 .text._ZN3vex5brainD2Ev
                0x0380b9e4       0x20 C:\Program Files (x86)\VEX Robotics\VEXcode Pro V5\sdk/vexv5\libv5rt.a(vex_brain.cpp.obj)
                0x0380b9e4                vex::brain::~brain()
                0x0380b9e4                vex::brain::~brain()
 .text._ZN3vex11competition8_disableEPv
                0x0380ba04       0xa4 C:\Program Files (x86)\VEX Robotics\VEXcode Pro V5\sdk/vexv5\libv5rt.a(vex_competition.cpp.obj)
                0x0380ba04                vex::competition::_disable(void*)
 .text._ZN3vex11competition11_autonomousEv
                0x0380baa8       0x80 C:\Program Files (x86)\VEX Robotics\VEXcode Pro V5\sdk/vexv5\libv5rt.a(vex_competition.cpp.obj)
                0x0380baa8                vex::competition::_autonomous()
 .text._ZN3vex11competition14_drivercontrolEv
                0x0380bb28       0x80 C:\Program Files (x86)\VEX Robotics\VEXcode Pro V5\sdk/vexv5\libv5rt.a(vex_competition.cpp.obj)
                0x0380bb28                vex::competition::_drivercontrol()
 .text._ZN3vex11competitionC2Ev
                0x0380bba8      0x13c C:\Program Files (x86)\VEX Robotics\VEXcode Pro V5\sdk/vexv5\libv5rt.a(vex_competition.cpp.obj)
                0x0380bba8                vex::competition::competition()
                0x0380bba8                vex::competition::competition()
 .text._ZN3vex11competitionD2Ev
                0x0380bce4        0x4 C:\Program Files (x86)\VEX Robotics\VEXcode Pro V5\sdk/vexv5\libv5rt.a(vex_competition.cpp.obj)
                0x0380bce4                vex::competition::~competition()
                0x0380bce4                vex::competition::~competition()
 .text._ZN3vex11competition10autonomousEPFvvE
                0x0380bce8       0x44 C:\Program Files (x86)\VEX Robotics\VEXcode Pro V5\sdk/vexv5\libv5rt.a(vex_competition.cpp.obj)
                0x0380bce8                vex::competition::autonomous(void (*)())
 .text._ZN3vex11competition13drivercontrolEPFvvE
                0x0380bd2c       0x44 C:\Program Files (x86)\VEX Robotics\VEXcode Pro V5\sdk/vexv5\libv5rt.a(vex_competition.cpp.obj)
                0x0380bd2c                vex::competition::drivercontrol(void (*)())
 .text._ZN3vex7triportD2Ev
                0x0380bd70       0x38 C:\Program Files (x86)\VEX Robotics\VEXcode Pro V5\sdk/vexv5\libv5rt.a(vex_triport.cpp.obj)
                0x0380bd70                vex::triport::~triport()
                0x0380bd70                vex::triport::~triport()
 .text._ZN3vex7triportD0Ev
                0x0380bda8       0x1c C:\Program Files (x86)\VEX Robotics\VEXcode Pro V5\sdk/vexv5\libv5rt.a(vex_triport.cpp.obj)
                0x0380bda8                vex::triport::~triport()
 .text._ZN3vex7triport9installedEv
                0x0380bdc4       0x18 C:\Program Files (x86)\VEX Robotics\VEXcode Pro V5\sdk/vexv5\libv5rt.a(vex_triport.cpp.obj)
                0x0380bdc4                vex::triport::installed()
 .text._ZN3vex7triport4portC2ElPS0_
                0x0380bddc       0x74 C:\Program Files (x86)\VEX Robotics\VEXcode Pro V5\sdk/vexv5\libv5rt.a(vex_triport.cpp.obj)
                0x0380bddc                vex::triport::port::port(long, vex::triport*)
                0x0380bddc                vex::triport::port::port(long, vex::triport*)
 .text._ZN3vex7triportC2El
                0x0380be50       0xf0 C:\Program Files (x86)\VEX Robotics\VEXcode Pro V5\sdk/vexv5\libv5rt.a(vex_triport.cpp.obj)
                0x0380be50                vex::triport::triport(long)
                0x0380be50                vex::triport::triport(long)
 .text._ZN3vex7triport4port4typeENS_11triportTypeE
                0x0380bf40       0x30 C:\Program Files (x86)\VEX Robotics\VEXcode Pro V5\sdk/vexv5\libv5rt.a(vex_triport.cpp.obj)
                0x0380bf40                vex::triport::port::type(vex::triportType)
 .text._ZN3vex7triport4port4typeEv
                0x0380bf70       0x38 C:\Program Files (x86)\VEX Robotics\VEXcode Pro V5\sdk/vexv5\libv5rt.a(vex_triport.cpp.obj)
                0x0380bf70                vex::triport::port::type()
 .text._ZN3vex7triport4port5valueEv
                0x0380bfa8       0x14 C:\Program Files (x86)\VEX Robotics\VEXcode Pro V5\sdk/vexv5\libv5rt.a(vex_triport.cpp.obj)
                0x0380bfa8                vex::triport::port::value()
 .text._ZN3vex7triport4port5valueEl
                0x0380bfbc       0x18 C:\Program Files (x86)\VEX Robotics\VEXcode Pro V5\sdk/vexv5\libv5rt.a(vex_triport.cpp.obj)
                0x0380bfbc                vex::triport::port::value(long)
 .text._ZN3vex7triport4port14_convertAnalogENS_11analogUnitsE
                0x0380bfd4       0x58 C:\Program Files (x86)\VEX Robotics\VEXcode Pro V5\sdk/vexv5\libv5rt.a(vex_triport.cpp.obj)
                0x0380bfd4                vex::triport::port::_convertAnalog(vex::analogUnits)
 .text._ZN3vex11__trideviceC2ERNS_7triport4portENS_11triportTypeE
                0x0380c02c       0x5c C:\Program Files (x86)\VEX Robotics\VEXcode Pro V5\sdk/vexv5\libv5rt.a(vex_triport.cpp.obj)
                0x0380c02c                vex::__tridevice::__tridevice(vex::triport::port&, vex::triportType)
                0x0380c02c                vex::__tridevice::__tridevice(vex::triport::port&, vex::triportType)
 .text._ZN3vex11__tridevice14_convertAnalogENS_11analogUnitsE
                0x0380c088        0x8 C:\Program Files (x86)\VEX Robotics\VEXcode Pro V5\sdk/vexv5\libv5rt.a(vex_triport.cpp.obj)
                0x0380c088                vex::__tridevice::_convertAnalog(vex::analogUnits)
 .text._ZN3vex5limitC2ERNS_7triport4portE
                0x0380c090       0x28 C:\Program Files (x86)\VEX Robotics\VEXcode Pro V5\sdk/vexv5\libv5rt.a(vex_triport.cpp.obj)
                0x0380c090                vex::limit::limit(vex::triport::port&)
                0x0380c090                vex::limit::limit(vex::triport::port&)
 .text._ZN3vex5limitD2Ev
                0x0380c0b8        0x4 C:\Program Files (x86)\VEX Robotics\VEXcode Pro V5\sdk/vexv5\libv5rt.a(vex_triport.cpp.obj)
                0x0380c0b8                vex::limit::~limit()
                0x0380c0b8                vex::limit::~limit()
 .text._ZN3vex5limit5valueEv
                0x0380c0bc        0x8 C:\Program Files (x86)\VEX Robotics\VEXcode Pro V5\sdk/vexv5\libv5rt.a(vex_triport.cpp.obj)
                0x0380c0bc                vex::limit::value()
 .text._ZN3vex11digital_outC2ERNS_7triport4portE
                0x0380c0c4       0x18 C:\Program Files (x86)\VEX Robotics\VEXcode Pro V5\sdk/vexv5\libv5rt.a(vex_triport.cpp.obj)
                0x0380c0c4                vex::digital_out::digital_out(vex::triport::port&)
                0x0380c0c4                vex::digital_out::digital_out(vex::triport::port&)
 .text._ZN3vex11digital_out3setEb
                0x0380c0dc        0x8 C:\Program Files (x86)\VEX Robotics\VEXcode Pro V5\sdk/vexv5\libv5rt.a(vex_triport.cpp.obj)
                0x0380c0dc                vex::digital_out::set(bool)
 .text._ZN3vex10pneumaticsC2ERNS_7triport4portE
                0x0380c0e4       0x14 C:\Program Files (x86)\VEX Robotics\VEXcode Pro V5\sdk/vexv5\libv5rt.a(vex_triport.cpp.obj)
                0x0380c0e4                vex::pneumatics::pneumatics(vex::triport::port&)
                0x0380c0e4                vex::pneumatics::pneumatics(vex::triport::port&)
 .text._ZN3vex10pneumaticsD2Ev
                0x0380c0f8        0x4 C:\Program Files (x86)\VEX Robotics\VEXcode Pro V5\sdk/vexv5\libv5rt.a(vex_triport.cpp.obj)
                0x0380c0f8                vex::pneumatics::~pneumatics()
                0x0380c0f8                vex::pneumatics::~pneumatics()
 .text._ZN3vex10pneumatics4openEv
                0x0380c0fc        0x8 C:\Program Files (x86)\VEX Robotics\VEXcode Pro V5\sdk/vexv5\libv5rt.a(vex_triport.cpp.obj)
                0x0380c0fc                vex::pneumatics::open()
 .text._ZN3vex10pneumatics5closeEv
                0x0380c104        0x8 C:\Program Files (x86)\VEX Robotics\VEXcode Pro V5\sdk/vexv5\libv5rt.a(vex_triport.cpp.obj)
                0x0380c104                vex::pneumatics::close()
 .text._ZN3vex4lineC2ERNS_7triport4portE
                0x0380c10c       0x20 C:\Program Files (x86)\VEX Robotics\VEXcode Pro V5\sdk/vexv5\libv5rt.a(vex_triport.cpp.obj)
                0x0380c10c                vex::line::line(vex::triport::port&)
                0x0380c10c                vex::line::line(vex::triport::port&)
 .text._ZN3vex4lineD2Ev
                0x0380c12c        0x4 C:\Program Files (x86)\VEX Robotics\VEXcode Pro V5\sdk/vexv5\libv5rt.a(vex_triport.cpp.obj)
                0x0380c12c                vex::line::~line()
                0x0380c12c                vex::line::~line()
 .text._ZN3vex4line5valueENS_11analogUnitsE
                0x0380c130        0x4 C:\Program Files (x86)\VEX Robotics\VEXcode Pro V5\sdk/vexv5\libv5rt.a(vex_triport.cpp.obj)
                0x0380c130                vex::line::value(vex::analogUnits)
 .text._ZN3vex5colorD2Ev
                0x0380c134        0x4 C:\Program Files (x86)\VEX Robotics\VEXcode Pro V5\sdk/vexv5\libv5rt.a(vex_color.cpp.obj)
                0x0380c134                vex::color::~color()
                0x0380c134                vex::color::~color()
 .text.startup._GLOBAL__sub_I__ZN3vex5color5blackE
                0x0380c138      0x164 C:\Program Files (x86)\VEX Robotics\VEXcode Pro V5\sdk/vexv5\libv5rt.a(vex_color.cpp.obj)
 .text._ZN3vex5timerD2Ev
                0x0380c29c        0x4 C:\Program Files (x86)\VEX Robotics\VEXcode Pro V5\sdk/vexv5\libv5rt.a(vex_timer.cpp.obj)
                0x0380c29c                vex::timer::~timer()
                0x0380c29c                vex::timer::~timer()
 .text._ZN3vex5timer5clearEv
                0x0380c2a0       0x1c C:\Program Files (x86)\VEX Robotics\VEXcode Pro V5\sdk/vexv5\libv5rt.a(vex_timer.cpp.obj)
                0x0380c2a0                vex::timer::clear()
 .text._ZN3vex5timerC2Ev
                0x0380c2bc       0x14 C:\Program Files (x86)\VEX Robotics\VEXcode Pro V5\sdk/vexv5\libv5rt.a(vex_timer.cpp.obj)
                0x0380c2bc                vex::timer::timer()
                0x0380c2bc                vex::timer::timer()
 .text._ZNK3vex5timer4timeEv
                0x0380c2d0       0x1c C:\Program Files (x86)\VEX Robotics\VEXcode Pro V5\sdk/vexv5\libv5rt.a(vex_timer.cpp.obj)
                0x0380c2d0                vex::timer::time() const
 *fill*         0x0380c2ec        0x4 
 .text._ZNK3vex5timer4timeENS_9timeUnitsE
                0x0380c2f0       0x40 C:\Program Files (x86)\VEX Robotics\VEXcode Pro V5\sdk/vexv5\libv5rt.a(vex_timer.cpp.obj)
                0x0380c2f0                vex::timer::time(vex::timeUnits) const
 .text.vexAdiPortConfigSet
                0x0380c330       0x28 C:\Program Files (x86)\VEX Robotics\VEXcode Pro V5\sdk/vexv5\libv5rt.a(v5_apiuser.c.obj)
                0x0380c330                vexAdiPortConfigSet
 .text.vexAdiPortConfigGet
                0x0380c358       0x28 C:\Program Files (x86)\VEX Robotics\VEXcode Pro V5\sdk/vexv5\libv5rt.a(v5_apiuser.c.obj)
                0x0380c358                vexAdiPortConfigGet
 .text.vexAdiValueSet
                0x0380c380       0x28 C:\Program Files (x86)\VEX Robotics\VEXcode Pro V5\sdk/vexv5\libv5rt.a(v5_apiuser.c.obj)
                0x0380c380                vexAdiValueSet
 .text.vexAdiValueGet
                0x0380c3a8       0x20 C:\Program Files (x86)\VEX Robotics\VEXcode Pro V5\sdk/vexv5\libv5rt.a(v5_apiuser.c.obj)
                0x0380c3a8                vexAdiValueGet
 .text.vexMotorVelocitySet
                0x0380c3c8       0x20 C:\Program Files (x86)\VEX Robotics\VEXcode Pro V5\sdk/vexv5\libv5rt.a(v5_apiuser.c.obj)
                0x0380c3c8                vexMotorVelocitySet
 .text.vexMotorVoltageSet
                0x0380c3e8       0x20 C:\Program Files (x86)\VEX Robotics\VEXcode Pro V5\sdk/vexv5\libv5rt.a(v5_apiuser.c.obj)
                0x0380c3e8                vexMotorVoltageSet
 .text.vexMotorActualVelocityGet
                0x0380c408       0x24 C:\Program Files (x86)\VEX Robotics\VEXcode Pro V5\sdk/vexv5\libv5rt.a(v5_apiuser.c.obj)
                0x0380c408                vexMotorActualVelocityGet
 .text.vexMotorCurrentLimitSet
                0x0380c42c       0x20 C:\Program Files (x86)\VEX Robotics\VEXcode Pro V5\sdk/vexv5\libv5rt.a(v5_apiuser.c.obj)
                0x0380c42c                vexMotorCurrentLimitSet
 .text.vexMotorTorqueGet
                0x0380c44c       0x24 C:\Program Files (x86)\VEX Robotics\VEXcode Pro V5\sdk/vexv5\libv5rt.a(v5_apiuser.c.obj)
                0x0380c44c                vexMotorTorqueGet
 .text.vexMotorReverseFlagSet
                0x0380c470       0x20 C:\Program Files (x86)\VEX Robotics\VEXcode Pro V5\sdk/vexv5\libv5rt.a(v5_apiuser.c.obj)
                0x0380c470                vexMotorReverseFlagSet
 .text.vexMotorEncoderUnitsSet
                0x0380c490       0x20 C:\Program Files (x86)\VEX Robotics\VEXcode Pro V5\sdk/vexv5\libv5rt.a(v5_apiuser.c.obj)
                0x0380c490                vexMotorEncoderUnitsSet
 .text.vexMotorBrakeModeSet
                0x0380c4b0       0x20 C:\Program Files (x86)\VEX Robotics\VEXcode Pro V5\sdk/vexv5\libv5rt.a(v5_apiuser.c.obj)
                0x0380c4b0                vexMotorBrakeModeSet
 .text.vexMotorPositionSet
                0x0380c4d0       0x28 C:\Program Files (x86)\VEX Robotics\VEXcode Pro V5\sdk/vexv5\libv5rt.a(v5_apiuser.c.obj)
                0x0380c4d0                vexMotorPositionSet
 .text.vexMotorPositionGet
                0x0380c4f8       0x24 C:\Program Files (x86)\VEX Robotics\VEXcode Pro V5\sdk/vexv5\libv5rt.a(v5_apiuser.c.obj)
                0x0380c4f8                vexMotorPositionGet
 .text.vexMotorGearingSet
                0x0380c51c       0x20 C:\Program Files (x86)\VEX Robotics\VEXcode Pro V5\sdk/vexv5\libv5rt.a(v5_apiuser.c.obj)
                0x0380c51c                vexMotorGearingSet
 .text.vexMotorGearingGet
                0x0380c53c       0x18 C:\Program Files (x86)\VEX Robotics\VEXcode Pro V5\sdk/vexv5\libv5rt.a(v5_apiuser.c.obj)
                0x0380c53c                vexMotorGearingGet
 .text.vexVisionModeSet
                0x0380c554       0x20 C:\Program Files (x86)\VEX Robotics\VEXcode Pro V5\sdk/vexv5\libv5rt.a(v5_apiuser.c.obj)
                0x0380c554                vexVisionModeSet
 .text.vexVisionObjectCountGet
                0x0380c574       0x18 C:\Program Files (x86)\VEX Robotics\VEXcode Pro V5\sdk/vexv5\libv5rt.a(v5_apiuser.c.obj)
                0x0380c574                vexVisionObjectCountGet
 .text.vexVisionObjectGet
                0x0380c58c       0x28 C:\Program Files (x86)\VEX Robotics\VEXcode Pro V5\sdk/vexv5\libv5rt.a(v5_apiuser.c.obj)
                0x0380c58c                vexVisionObjectGet
 .text.vexVisionSignatureSet
                0x0380c5b4       0x20 C:\Program Files (x86)\VEX Robotics\VEXcode Pro V5\sdk/vexv5\libv5rt.a(v5_apiuser.c.obj)
                0x0380c5b4                vexVisionSignatureSet
 .text.vexVisionBrightnessSet
                0x0380c5d4       0x20 C:\Program Files (x86)\VEX Robotics\VEXcode Pro V5\sdk/vexv5\libv5rt.a(v5_apiuser.c.obj)
                0x0380c5d4                vexVisionBrightnessSet
 .text.vexVisionLedModeSet
                0x0380c5f4       0x20 C:\Program Files (x86)\VEX Robotics\VEXcode Pro V5\sdk/vexv5\libv5rt.a(v5_apiuser.c.obj)
                0x0380c5f4                vexVisionLedModeSet
 .text.vexVisionLedColorSet
                0x0380c614       0x2c C:\Program Files (x86)\VEX Robotics\VEXcode Pro V5\sdk/vexv5\libv5rt.a(v5_apiuser.c.obj)
                0x0380c614                vexVisionLedColorSet
 .text.vexImuReset
                0x0380c640       0x10 C:\Program Files (x86)\VEX Robotics\VEXcode Pro V5\sdk/vexv5\libv5rt.a(v5_apiuser.c.obj)
                0x0380c640                vexImuReset
 .text.vexImuHeadingGet
                0x0380c650       0x10 C:\Program Files (x86)\VEX Robotics\VEXcode Pro V5\sdk/vexv5\libv5rt.a(v5_apiuser.c.obj)
                0x0380c650                vexImuHeadingGet
 .text.vexImuDegreesGet
                0x0380c660       0x10 C:\Program Files (x86)\VEX Robotics\VEXcode Pro V5\sdk/vexv5\libv5rt.a(v5_apiuser.c.obj)
                0x0380c660                vexImuDegreesGet
 .text.vexImuAttitudeGet
                0x0380c670       0x18 C:\Program Files (x86)\VEX Robotics\VEXcode Pro V5\sdk/vexv5\libv5rt.a(v5_apiuser.c.obj)
                0x0380c670                vexImuAttitudeGet
 .text.vexImuStatusGet
                0x0380c688       0x10 C:\Program Files (x86)\VEX Robotics\VEXcode Pro V5\sdk/vexv5\libv5rt.a(v5_apiuser.c.obj)
                0x0380c688                vexImuStatusGet
 .text.vexAbsEncPositionSet
                0x0380c698       0x18 C:\Program Files (x86)\VEX Robotics\VEXcode Pro V5\sdk/vexv5\libv5rt.a(v5_apiuser.c.obj)
                0x0380c698                vexAbsEncPositionSet
 .text.vexAbsEncPositionGet
                0x0380c6b0       0x10 C:\Program Files (x86)\VEX Robotics\VEXcode Pro V5\sdk/vexv5\libv5rt.a(v5_apiuser.c.obj)
                0x0380c6b0                vexAbsEncPositionGet
 .text.vexAbsEncAngleGet
                0x0380c6c0       0x10 C:\Program Files (x86)\VEX Robotics\VEXcode Pro V5\sdk/vexv5\libv5rt.a(v5_apiuser.c.obj)
                0x0380c6c0                vexAbsEncAngleGet
 .text.vexAbsEncReverseFlagSet
                0x0380c6d0       0x18 C:\Program Files (x86)\VEX Robotics\VEXcode Pro V5\sdk/vexv5\libv5rt.a(v5_apiuser.c.obj)
                0x0380c6d0                vexAbsEncReverseFlagSet
 .text.vexDistanceDistanceGet
                0x0380c6e8       0x10 C:\Program Files (x86)\VEX Robotics\VEXcode Pro V5\sdk/vexv5\libv5rt.a(v5_apiuser.c.obj)
                0x0380c6e8                vexDistanceDistanceGet
 .text.vexEventMaskSet
                0x0380c6f8       0x28 C:\Program Files (x86)\VEX Robotics\VEXcode Pro V5\sdk/vexv5\libv5rt.a(v5_apiuser.c.obj)
                0x0380c6f8                vexEventMaskSet
 .text.vexEventMaskGet
                0x0380c720       0x18 C:\Program Files (x86)\VEX Robotics\VEXcode Pro V5\sdk/vexv5\libv5rt.a(v5_apiuser.c.obj)
                0x0380c720                vexEventMaskGet
 .text._ZN3vex6deviceD2Ev
                0x0380c738        0x4 C:\Program Files (x86)\VEX Robotics\VEXcode Pro V5\sdk/vexv5\libv5rt.a(vex_device.cpp.obj)
                0x0380c738                vex::device::~device()
                0x0380c738                vex::device::~device()
 .text._ZN3vex6device5valueEv
                0x0380c73c        0x8 C:\Program Files (x86)\VEX Robotics\VEXcode Pro V5\sdk/vexv5\libv5rt.a(vex_device.cpp.obj)
                0x0380c73c                vex::device::value()
 .text._ZN3vex6deviceD0Ev
                0x0380c744       0x14 C:\Program Files (x86)\VEX Robotics\VEXcode Pro V5\sdk/vexv5\libv5rt.a(vex_device.cpp.obj)
                0x0380c744                vex::device::~device()
 .text._ZN3vex6device4initEl
                0x0380c758       0x30 C:\Program Files (x86)\VEX Robotics\VEXcode Pro V5\sdk/vexv5\libv5rt.a(vex_device.cpp.obj)
                0x0380c758                vex::device::init(long)
 .text._ZN3vex6deviceC2El
                0x0380c788       0x20 C:\Program Files (x86)\VEX Robotics\VEXcode Pro V5\sdk/vexv5\libv5rt.a(vex_device.cpp.obj)
                0x0380c788                vex::device::device(long)
                0x0380c788                vex::device::device(long)
 .text._ZN3vex6device4typeEv
                0x0380c7a8       0x10 C:\Program Files (x86)\VEX Robotics\VEXcode Pro V5\sdk/vexv5\libv5rt.a(vex_device.cpp.obj)
                0x0380c7a8                vex::device::type()
 .text._ZN3vex6device9installedEv
                0x0380c7b8       0x14 C:\Program Files (x86)\VEX Robotics\VEXcode Pro V5\sdk/vexv5\libv5rt.a(vex_device.cpp.obj)
                0x0380c7b8                vex::device::installed()
 .text.__libc_fini_array
                0x0380c7cc       0x30 C:\Program Files (x86)\VEX Robotics\VEXcode Pro V5\sdk/vexv5/gcc/libs\libc.a(lib_a-fini.o)
                0x0380c7cc                __libc_fini_array
 .text.__libc_init_array
                0x0380c7fc       0x58 C:\Program Files (x86)\VEX Robotics\VEXcode Pro V5\sdk/vexv5/gcc/libs\libc.a(lib_a-init.o)
                0x0380c7fc                __libc_init_array
 .text._puts_r  0x0380c854       0x68 C:\Program Files (x86)\VEX Robotics\VEXcode Pro V5\sdk/vexv5/gcc/libs\libc.a(lib_a-puts.o)
                0x0380c854                _puts_r
 .text.puts     0x0380c8bc       0x10 C:\Program Files (x86)\VEX Robotics\VEXcode Pro V5\sdk/vexv5/gcc/libs\libc.a(lib_a-puts.o)
                0x0380c8bc                puts
 *fill*         0x0380c8cc        0x4 
 .text.puts.__stub
                0x0380c8d0       0x20 linker stubs
 *(.gnu.linkonce.t.*)
 *(.plt)
 *(.gnu_warning)
 *(.gcc_except_table)
 *(.glue_7)
 .glue_7        0x00000000        0x0 linker stubs
 *(.glue_7t)
 .glue_7t       0x00000000        0x0 linker stubs
 *(.vfp11_veneer)
 .vfp11_veneer  0x00000000        0x0 linker stubs
 *(.ARM.extab)
 *(.gnu.linkonce.armextab.*)

.v4_bx          0x0380c8f0        0x0
 .v4_bx         0x00000000        0x0 linker stubs

.iplt           0x0380c8f0        0x0
 .iplt          0x00000000        0x0 build/src/main.o

.init
 *(.init)

.fini
 *(.fini)

.rodata         0x0380c8f0      0x580
                0x0380c8f0                __rodata_start = .
 *(.rodata)
 *(.rodata.*)
 .rodata.str1.1
                0x0380c8f0      0x231 build/src/main.o
                                0x233 (size before relaxing)
 *fill*         0x0380cb21        0x7 
 .rodata.cst16  0x0380cb28       0xa0 build/src/main.o
 .rodata.str1.1
                0x0380cbc8       0x37 build/src/odom.o
 .rodata.str1.1
                0x0380cbff       0x32 build/src/robotControl.o
 .rodata.str1.1
                0x0380cc31       0x17 build/src/bez.o
 .rodata.str1.1
                0x0380cc48       0x2e C:\Program Files (x86)\VEX Robotics\VEXcode Pro V5\sdk/vexv5\libv5rt.a(v5_startup.c.obj)
 *fill*         0x0380cc76        0x2 
 .rodata._ZN3vex6PORT20E
                0x0380cc78        0x4 C:\Program Files (x86)\VEX Robotics\VEXcode Pro V5\sdk/vexv5\libv5rt.a(vex_global.cpp.obj)
                0x0380cc78                vex::PORT20
 .rodata._ZN3vex3fwdE
                0x0380cc7c        0x4 C:\Program Files (x86)\VEX Robotics\VEXcode Pro V5\sdk/vexv5\libv5rt.a(vex_global.cpp.obj)
                0x0380cc7c                vex::fwd
 .rodata._ZN3vex5PORT1E
                0x0380cc80        0x4 C:\Program Files (x86)\VEX Robotics\VEXcode Pro V5\sdk/vexv5\libv5rt.a(vex_global.cpp.obj)
                0x0380cc80                vex::PORT1
 .rodata._ZN3vex6PORT10E
                0x0380cc84        0x4 C:\Program Files (x86)\VEX Robotics\VEXcode Pro V5\sdk/vexv5\libv5rt.a(vex_global.cpp.obj)
                0x0380cc84                vex::PORT10
 .rodata._ZN3vex5PORT5E
                0x0380cc88        0x4 C:\Program Files (x86)\VEX Robotics\VEXcode Pro V5\sdk/vexv5\libv5rt.a(vex_global.cpp.obj)
                0x0380cc88                vex::PORT5
 .rodata._ZN3vex7forwardE
                0x0380cc8c        0x4 C:\Program Files (x86)\VEX Robotics\VEXcode Pro V5\sdk/vexv5\libv5rt.a(vex_global.cpp.obj)
                0x0380cc8c                vex::forward
 .rodata._ZN3vex6PORT14E
                0x0380cc90        0x4 C:\Program Files (x86)\VEX Robotics\VEXcode Pro V5\sdk/vexv5\libv5rt.a(vex_global.cpp.obj)
                0x0380cc90                vex::PORT14
 .rodata._ZN3vex4msecE
                0x0380cc94        0x4 C:\Program Files (x86)\VEX Robotics\VEXcode Pro V5\sdk/vexv5\libv5rt.a(vex_global.cpp.obj)
                0x0380cc94                vex::msec
 .rodata._ZN3vex6PORT18E
                0x0380cc98        0x4 C:\Program Files (x86)\VEX Robotics\VEXcode Pro V5\sdk/vexv5\libv5rt.a(vex_global.cpp.obj)
                0x0380cc98                vex::PORT18
 .rodata._ZN3vex9ratio36_1E
                0x0380cc9c        0x4 C:\Program Files (x86)\VEX Robotics\VEXcode Pro V5\sdk/vexv5\libv5rt.a(vex_global.cpp.obj)
                0x0380cc9c                vex::ratio36_1
 .rodata._ZN3vex5PORT9E
                0x0380cca0        0x4 C:\Program Files (x86)\VEX Robotics\VEXcode Pro V5\sdk/vexv5\libv5rt.a(vex_global.cpp.obj)
                0x0380cca0                vex::PORT9
 .rodata._ZN3vex3rpmE
                0x0380cca4        0x4 C:\Program Files (x86)\VEX Robotics\VEXcode Pro V5\sdk/vexv5\libv5rt.a(vex_global.cpp.obj)
                0x0380cca4                vex::rpm
 .rodata._ZN3vex6PORT11E
                0x0380cca8        0x4 C:\Program Files (x86)\VEX Robotics\VEXcode Pro V5\sdk/vexv5\libv5rt.a(vex_global.cpp.obj)
                0x0380cca8                vex::PORT11
 .rodata._ZN3vex5PORT6E
                0x0380ccac        0x4 C:\Program Files (x86)\VEX Robotics\VEXcode Pro V5\sdk/vexv5\libv5rt.a(vex_global.cpp.obj)
                0x0380ccac                vex::PORT6
 .rodata._ZN3vex7primaryE
                0x0380ccb0        0x4 C:\Program Files (x86)\VEX Robotics\VEXcode Pro V5\sdk/vexv5\libv5rt.a(vex_global.cpp.obj)
                0x0380ccb0                vex::primary
 .rodata._ZN3vex7percentE
                0x0380ccb4        0x4 C:\Program Files (x86)\VEX Robotics\VEXcode Pro V5\sdk/vexv5\libv5rt.a(vex_global.cpp.obj)
                0x0380ccb4                vex::percent
 .rodata._ZN3vex6PORT15E
                0x0380ccb8        0x4 C:\Program Files (x86)\VEX Robotics\VEXcode Pro V5\sdk/vexv5\libv5rt.a(vex_global.cpp.obj)
                0x0380ccb8                vex::PORT15
 .rodata._ZN3vex6PORT19E
                0x0380ccbc        0x4 C:\Program Files (x86)\VEX Robotics\VEXcode Pro V5\sdk/vexv5\libv5rt.a(vex_global.cpp.obj)
                0x0380ccbc                vex::PORT19
 .rodata._ZN3vex7degreesE
                0x0380ccc0        0x4 C:\Program Files (x86)\VEX Robotics\VEXcode Pro V5\sdk/vexv5\libv5rt.a(vex_global.cpp.obj)
                0x0380ccc0                vex::degrees
 .rodata._ZN3vex6PORT22E
                0x0380ccc4        0x4 C:\Program Files (x86)\VEX Robotics\VEXcode Pro V5\sdk/vexv5\libv5rt.a(vex_global.cpp.obj)
                0x0380ccc4                vex::PORT22
 .rodata._ZN3vex4holdE
                0x0380ccc8        0x4 C:\Program Files (x86)\VEX Robotics\VEXcode Pro V5\sdk/vexv5\libv5rt.a(vex_global.cpp.obj)
                0x0380ccc8                vex::hold
 .rodata._ZN3vex6PORT12E
                0x0380cccc        0x4 C:\Program Files (x86)\VEX Robotics\VEXcode Pro V5\sdk/vexv5\libv5rt.a(vex_global.cpp.obj)
                0x0380cccc                vex::PORT12
 .rodata._ZN3vex5PORT7E
                0x0380ccd0        0x4 C:\Program Files (x86)\VEX Robotics\VEXcode Pro V5\sdk/vexv5\libv5rt.a(vex_global.cpp.obj)
                0x0380ccd0                vex::PORT7
 .rodata._ZN3vex6PORT16E
                0x0380ccd4        0x4 C:\Program Files (x86)\VEX Robotics\VEXcode Pro V5\sdk/vexv5\libv5rt.a(vex_global.cpp.obj)
                0x0380ccd4                vex::PORT16
 .rodata._ZN3vex8ratio6_1E
                0x0380ccd8        0x4 C:\Program Files (x86)\VEX Robotics\VEXcode Pro V5\sdk/vexv5\libv5rt.a(vex_global.cpp.obj)
                0x0380ccd8                vex::ratio6_1
 .rodata._ZN3vex2mmE
                0x0380ccdc        0x4 C:\Program Files (x86)\VEX Robotics\VEXcode Pro V5\sdk/vexv5\libv5rt.a(vex_global.cpp.obj)
                0x0380ccdc                vex::mm
 .rodata._ZN3vex5coastE
                0x0380cce0        0x4 C:\Program Files (x86)\VEX Robotics\VEXcode Pro V5\sdk/vexv5\libv5rt.a(vex_global.cpp.obj)
                0x0380cce0                vex::coast
 .rodata._ZN3vex5PORT4E
                0x0380cce4        0x4 C:\Program Files (x86)\VEX Robotics\VEXcode Pro V5\sdk/vexv5\libv5rt.a(vex_global.cpp.obj)
                0x0380cce4                vex::PORT4
 .rodata._ZN3vex6PORT13E
                0x0380cce8        0x4 C:\Program Files (x86)\VEX Robotics\VEXcode Pro V5\sdk/vexv5\libv5rt.a(vex_global.cpp.obj)
                0x0380cce8                vex::PORT13
 .rodata._ZN3vex6PORT17E
                0x0380ccec        0x4 C:\Program Files (x86)\VEX Robotics\VEXcode Pro V5\sdk/vexv5\libv5rt.a(vex_global.cpp.obj)
                0x0380ccec                vex::PORT17
 .rodata._ZTVN3vex5motorE
                0x0380ccf0       0x18 C:\Program Files (x86)\VEX Robotics\VEXcode Pro V5\sdk/vexv5\libv5rt.a(vex_motor.cpp.obj)
                0x0380ccf0                vtable for vex::motor
 .rodata._ZTVN3vex6visionE
                0x0380cd08       0x18 C:\Program Files (x86)\VEX Robotics\VEXcode Pro V5\sdk/vexv5\libv5rt.a(vex_vision.cpp.obj)
                0x0380cd08                vtable for vex::vision
 .rodata._ZTVN3vex8inertialE
                0x0380cd20       0x68 C:\Program Files (x86)\VEX Robotics\VEXcode Pro V5\sdk/vexv5\libv5rt.a(vex_imu.cpp.obj)
                0x0380cd20                vtable for vex::inertial
 .rodata._ZTVN3vex8rotationE
                0x0380cd88       0x18 C:\Program Files (x86)\VEX Robotics\VEXcode Pro V5\sdk/vexv5\libv5rt.a(vex_rotation.cpp.obj)
                0x0380cd88                vtable for vex::rotation
 .rodata._ZTVN3vex8distanceE
                0x0380cda0       0x18 C:\Program Files (x86)\VEX Robotics\VEXcode Pro V5\sdk/vexv5\libv5rt.a(vex_distance.cpp.obj)
                0x0380cda0                vtable for vex::distance
 .rodata.CSWTCH.16
                0x0380cdb8        0xb C:\Program Files (x86)\VEX Robotics\VEXcode Pro V5\sdk/vexv5\libv5rt.a(vex_controller.cpp.obj)
 .rodata.CSWTCH.18
                0x0380cdc3        0xb C:\Program Files (x86)\VEX Robotics\VEXcode Pro V5\sdk/vexv5\libv5rt.a(vex_controller.cpp.obj)
 .rodata.CSWTCH.24
                0x0380cdce        0x3 C:\Program Files (x86)\VEX Robotics\VEXcode Pro V5\sdk/vexv5\libv5rt.a(vex_controller.cpp.obj)
 .rodata.str1.1
                0x0380cdd1       0x14 C:\Program Files (x86)\VEX Robotics\VEXcode Pro V5\sdk/vexv5\libv5rt.a(vex_task.cpp.obj)
 .rodata.str1.1
                0x0380cde5       0x2d C:\Program Files (x86)\VEX Robotics\VEXcode Pro V5\sdk/vexv5\libv5rt.a(vex_brain.cpp.obj)
 .rodata.CSWTCH.36
                0x0380ce12       0x10 C:\Program Files (x86)\VEX Robotics\VEXcode Pro V5\sdk/vexv5\libv5rt.a(vex_triport.cpp.obj)
 *fill*         0x0380ce22        0x6 
 .rodata._ZTVN3vex7triportE
                0x0380ce28       0x18 C:\Program Files (x86)\VEX Robotics\VEXcode Pro V5\sdk/vexv5\libv5rt.a(vex_triport.cpp.obj)
                0x0380ce28                vtable for vex::triport
 .rodata.CSWTCH.31
                0x0380ce40        0xe C:\Program Files (x86)\VEX Robotics\VEXcode Pro V5\sdk/vexv5\libv5rt.a(vex_triport.cpp.obj)
 *fill*         0x0380ce4e        0x2 
 .rodata._ZTVN3vex6deviceE
                0x0380ce50       0x18 C:\Program Files (x86)\VEX Robotics\VEXcode Pro V5\sdk/vexv5\libv5rt.a(vex_device.cpp.obj)
                0x0380ce50                vtable for vex::device
 .rodata.str1.4
                0x0380ce68        0x2 C:\Program Files (x86)\VEX Robotics\VEXcode Pro V5\sdk/vexv5/gcc/libs\libc.a(lib_a-impure.o)
 *fill*         0x0380ce6a        0x2 
 .rodata.str1.4
                0x0380ce6c        0x4 C:\Program Files (x86)\VEX Robotics\VEXcode Pro V5\sdk/vexv5/gcc/libs\libc.a(lib_a-puts.o)
                                  0x2 (size before relaxing)
 *(.gnu.linkonce.r.*)
                0x0380ce70                __rodata_end = .

.rodata1        0x0380ce70        0x0
                0x0380ce70                __rodata1_start = .
 *(.rodata1)
 *(.rodata1.*)
                0x0380ce70                __rodata1_end = .

.sdata2         0x0380ce70        0x0
                0x0380ce70                __sdata2_start = .
 *(.sdata2)
 *(.sdata2.*)
 *(.gnu.linkonce.s2.*)
                0x0380ce70                __sdata2_end = .

.sbss2          0x0380ce70        0x0
                0x0380ce70                __sbss2_start = .
 *(.sbss2)
 *(.sbss2.*)
 *(.gnu.linkonce.sb2.*)
                0x0380ce70                __sbss2_end = .

.data           0x0380ce70      0x47c
                0x0380ce70                __data_start = .
 *(.data)
 *(.data.*)
 .data._ZN12robotControl12volt_enabledE
                0x0380ce70        0x1 build/src/main.o
                0x0380ce70                robotControl::volt_enabled
 .data._ZN12robotControl12driveEngagedE
                0x0380ce71        0x1 build/src/main.o
                0x0380ce71                robotControl::driveEngaged
 .data._ZN12robotControl10driveBoostE
                0x0380ce72        0x1 build/src/main.o
                0x0380ce72                robotControl::driveBoost
 *fill*         0x0380ce73        0x1 
 .data._ZN12robotControl11shiftTargetE
                0x0380ce74        0x4 build/src/main.o
                0x0380ce74                robotControl::shiftTarget
 .data._ZN12robotControl9armTorqueE
                0x0380ce78        0x8 build/src/main.o
                0x0380ce78                robotControl::armTorque
 .data._ZN12robotControl15flippyPid_speedE
                0x0380ce80        0x8 build/src/main.o
                0x0380ce80                robotControl::flippyPid_speed
 .data._ZN12robotControl12armPid_speedE
                0x0380ce88        0x8 build/src/main.o
                0x0380ce88                robotControl::armPid_speed
 .data._ZN12robotControl7mechTGTE
                0x0380ce90        0x4 build/src/main.o
                0x0380ce90                robotControl::mechTGT
 .data._ZN12robotControl8mechModeE
                0x0380ce94        0x4 build/src/main.o
                0x0380ce94                robotControl::mechMode
 .data._ZN12robotControl13driverControlE
                0x0380ce98        0x1 build/src/main.o
                0x0380ce98                robotControl::driverControl
 .data._ZN12robotControl13armPIDenabledE
                0x0380ce99        0x1 build/src/main.o
                0x0380ce99                robotControl::armPIDenabled
 *fill*         0x0380ce9a        0x6 
 .data._ZN3bez6angTolE
                0x0380cea0        0x8 build/src/main.o
                0x0380cea0                bez::angTol
 .data._ZN3bez17purePursuit_pointE
                0x0380cea8        0x4 build/src/main.o
                0x0380cea8                bez::purePursuit_point
 .data._ZN3bez23purePursuit_initialTurnE
                0x0380ceac        0x1 build/src/main.o
                0x0380ceac                bez::purePursuit_initialTurn
 .data.rearVis  0x0380cead        0x1 build/src/main.o
                0x0380cead                rearVis
 .data.reverseColor
                0x0380ceae        0x1 build/src/main.o
                0x0380ceae                reverseColor
 *fill*         0x0380ceaf        0x1 
 .data.inertialOffset
                0x0380ceb0        0x8 build/src/main.o
                0x0380ceb0                inertialOffset
 .data.appRunning
                0x0380ceb8        0x4 C:\Program Files (x86)\VEX Robotics\VEXcode Pro V5\sdk/vexv5\libv5rt.a(v5_startup.c.obj)
                0x0380ceb8                appRunning
 .data._ZN3vex24__default_motor_velocityE
                0x0380cebc        0x4 C:\Program Files (x86)\VEX Robotics\VEXcode Pro V5\sdk/vexv5\libv5rt.a(vex_motor.cpp.obj)
                0x0380cebc                vex::__default_motor_velocity
 .data.impure_data